******************************************************************************
                  MSP430 Linker PC v4.3.3                      
******************************************************************************
>> Linked Sun Oct 18 15:57:50 2015

OUTPUT FILE NAME:   <445WristBand.out>
ENTRY POINT SYMBOL: "_c_int00"  address: 0000cc26


MEMORY CONFIGURATION

         name            origin    length      used     unused   attr    fill
----------------------  --------  ---------  --------  --------  ----  --------
  SFR                   00000000   00000010  00000000  00000010  RWIX
  PERIPHERALS_8BIT      00000010   000000f0  00000000  000000f0  RWIX
  PERIPHERALS_16BIT     00000100   00000100  00000000  00000100  RWIX
  RAM                   00000200   00000200  00000100  00000100  RWIX
  INFOD                 00001000   00000040  00000000  00000040  RWIX
  INFOC                 00001040   00000040  00000000  00000040  RWIX
  INFOB                 00001080   00000040  00000000  00000040  RWIX
  INFOA                 000010c0   00000040  00000000  00000040  RWIX
  FLASH                 0000c000   00003fe0  00000dde  00003202  RWIX
  INT00                 0000ffe0   00000002  00000000  00000002  RWIX
  INT01                 0000ffe2   00000002  00000000  00000002  RWIX
  INT02                 0000ffe4   00000002  00000002  00000000  RWIX
  INT03                 0000ffe6   00000002  00000002  00000000  RWIX
  INT04                 0000ffe8   00000002  00000000  00000002  RWIX
  INT05                 0000ffea   00000002  00000002  00000000  RWIX
  INT06                 0000ffec   00000002  00000002  00000000  RWIX
  INT07                 0000ffee   00000002  00000002  00000000  RWIX
  INT08                 0000fff0   00000002  00000002  00000000  RWIX
  INT09                 0000fff2   00000002  00000002  00000000  RWIX
  INT10                 0000fff4   00000002  00000002  00000000  RWIX
  INT11                 0000fff6   00000002  00000002  00000000  RWIX
  INT12                 0000fff8   00000002  00000002  00000000  RWIX
  INT13                 0000fffa   00000002  00000002  00000000  RWIX
  INT14                 0000fffc   00000002  00000002  00000000  RWIX
  RESET                 0000fffe   00000002  00000002  00000000  RWIX


SECTION ALLOCATION MAP

 output                                  attributes/
section   page    origin      length       input sections
--------  ----  ----------  ----------   ----------------
.pinit     0    0000c000    00000000     UNINITIALIZED

.bss       0    00000200    000000b0     UNINITIALIZED
                  00000200    00000088     UARTfuncs.obj (.bss)
                  00000288    0000001f     user_445WristBand.obj (.bss)
                  000002a7    00000001     --HOLE--
                  000002a8    00000004     rts430.lib : _lock.obj (.bss)
                  000002ac    00000004                : boot.obj (.bss)

.data      0    00000200    00000000     UNINITIALIZED

.stack     0    000003b0    00000050     UNINITIALIZED
                  000003b0    00000002     rts430.lib : boot.obj (.stack)
                  000003b2    0000004e     --HOLE--

.text      0    0000c000    00000d5a     
                  0000c000    00000130     rts430.lib : fs_add.obj (.text)
                  0000c130    00000120     UARTfuncs.obj (.text:Init_UART)
                  0000c250    00000116     rts430.lib : _printfi_min.obj (.text:_setfield)
                  0000c366    000000f6     user_445WristBand.obj (.text:main)
                  0000c45c    000000ca     rts430.lib : _printfi_min.obj (.text:__TI_printfi_minimal)
                  0000c526    000000c2                : fs_mpy.obj (.text)
                  0000c5e8    0000009a                : fs_div.obj (.text)
                  0000c682    0000007c     user_445WristBand.obj (.text:USCI0TX_ISR)
                  0000c6fe    00000068     rts430.lib : fs_toi.obj (.text)
                  0000c766    00000058                : div32u.obj (.text)
                  0000c7be    00000056                : _printfi_min.obj (.text:_ltostr)
                  0000c814    0000004e                : _printfi_min.obj (.text:_pproc_diouxp)
                  0000c862    0000004e     user_445WristBand.obj (.text:updateTLC)
                  0000c8b0    0000004c     rts430.lib : lsr16.obj (.text)
                  0000c8fc    0000004a                : fs_cmp.obj (.text)
                  0000c946    00000048     user_445WristBand.obj (.text:Timer_A)
                  0000c98e    00000048     rts430.lib : autoinit.obj (.text:_auto_init)
                  0000c9d6    00000048                : _printfi_min.obj (.text:_pproc_str)
                  0000ca1e    00000046     user_445WristBand.obj (.text:USCI0RX_ISR)
                  0000ca64    00000046     rts430.lib : fs_tou.obj (.text)
                  0000caaa    00000036                : fs_itof.obj (.text)
                  0000cae0    00000034                : vsprintf.obj (.text:vsprintf)
                  0000cb14    00000032                : fs_ultof.obj (.text)
                  0000cb46    0000002e                : _printfi_min.obj (.text:_getarg_diouxp)
                  0000cb74    0000002e     UARTfuncs.obj (.text:sendchars)
                  0000cba2    0000002c     rts430.lib : asr16.obj (.text)
                  0000cbce    0000002c                : div16s.obj (.text)
                  0000cbfa    0000002c                : lsl16.obj (.text)
                  0000cc26    00000026                : boot.obj (.text:_c_int00_noexit)
                  0000cc4c    0000001c                : memccpy.obj (.text:memccpy)
                  0000cc68    0000001a     UARTfuncs.obj (.text:UART_printf)
                  0000cc82    0000001a     rts430.lib : vsprintf.obj (.text:_outs)
                  0000cc9c    00000018                : _printfi_min.obj (.text:_div)
                  0000ccb4    00000016                : div16u.obj (.text)
                  0000ccca    00000016     UARTfuncs.obj (.text:sendchar)
                  0000cce0    00000014     rts430.lib : memset.obj (.text:memset)
                  0000ccf4    00000014                : mult16.obj (.text)
                  0000cd08    00000012                : vsprintf.obj (.text:_outc)
                  0000cd1a    00000012                : memcpy.obj (.text:memcpy)
                  0000cd2c    00000010                : epilog.obj (.text)
                  0000cd3c    0000000e                : strlen.obj (.text:strlen)
                  0000cd4a    00000006                : isr_trap.obj (.text:__TI_ISR_TRAP)
                  0000cd50    00000004                : pre_init.obj (.text:_system_pre_init)
                  0000cd54    00000004                : exit.obj (.text:abort)
                  0000cd58    00000002                : _lock.obj (.text:_nop)

.cinit     0    0000cd5a    00000052     
                  0000cd5a    0000002c     user_445WristBand.obj (.cinit)
                  0000cd86    00000023     UARTfuncs.obj (.cinit)
                  0000cda9    00000001     --HOLE-- [fill = 0]
                  0000cdaa    00000002     (.pad.cinit) [fill = 0]

.const     0    0000cdac    00000032     
                  0000cdac    0000001e     user_445WristBand.obj (.const:.string)
                  0000cdca    00000014     rts430.lib : _printfi_min.obj (.const:.string)

PORT1      0    0000ffe4    00000002     
                  0000ffe4    00000002     rts430.lib : int02.obj (.int02)

PORT2      0    0000ffe6    00000002     
                  0000ffe6    00000002     rts430.lib : int03.obj (.int03)

ADC10      0    0000ffea    00000002     
                  0000ffea    00000002     rts430.lib : int05.obj (.int05)

USCIAB0TX 
*          0    0000ffec    00000002     
                  0000ffec    00000002     user_445WristBand.obj (.int06)

USCIAB0RX 
*          0    0000ffee    00000002     
                  0000ffee    00000002     user_445WristBand.obj (.int07)

TIMER0_A1 
*          0    0000fff0    00000002     
                  0000fff0    00000002     rts430.lib : int08.obj (.int08)

TIMER0_A0 
*          0    0000fff2    00000002     
                  0000fff2    00000002     user_445WristBand.obj (.int09)

WDT        0    0000fff4    00000002     
                  0000fff4    00000002     rts430.lib : int10.obj (.int10)

COMPARATORA 
*          0    0000fff6    00000002     
                  0000fff6    00000002     rts430.lib : int11.obj (.int11)

TIMER1_A1 
*          0    0000fff8    00000002     
                  0000fff8    00000002     rts430.lib : int12.obj (.int12)

TIMER1_A0 
*          0    0000fffa    00000002     
                  0000fffa    00000002     rts430.lib : int13.obj (.int13)

NMI        0    0000fffc    00000002     
                  0000fffc    00000002     rts430.lib : int14.obj (.int14)

.reset     0    0000fffe    00000002     
                  0000fffe    00000002     rts430.lib : boot.obj (.reset)


GLOBAL SYMBOLS: SORTED ALPHABETICALLY BY Name 

address    name
--------   ----
00000200   .bss
00000200   .data
0000c000   .text
0000004a   ADC10AE0
000001b0   ADC10CTL0
000001b2   ADC10CTL1
00000048   ADC10DTC0
00000049   ADC10DTC1
000001b4   ADC10MEM
000001bc   ADC10SA
00000057   BCSCTL1
00000058   BCSCTL2
00000053   BCSCTL3
0000cd54   C$$EXIT
00000059   CACTL1
0000005a   CACTL2
000010fb   CALBC1_12MHZ
000010f9   CALBC1_16MHZ
000010ff   CALBC1_1MHZ
000010fd   CALBC1_8MHZ
000010fa   CALDCO_12MHZ
000010f8   CALDCO_16MHZ
000010fe   CALDCO_1MHZ
000010fc   CALDCO_8MHZ
0000005b   CAPD
00000056   DCOCTL
00000128   FCTL1
0000012a   FCTL2
0000012c   FCTL3
00000000   IE1
00000001   IE2
00000002   IFG1
00000003   IFG2
0000cba2   I_ASR
0000cbca   I_ASR_1
0000cbb8   I_ASR_10
0000cbb6   I_ASR_11
0000cbb4   I_ASR_12
0000cbb2   I_ASR_13
0000cbb0   I_ASR_14
0000cbae   I_ASR_15
0000cbc8   I_ASR_2
0000cbc6   I_ASR_3
0000cbc4   I_ASR_4
0000cbc2   I_ASR_5
0000cbc0   I_ASR_6
0000cbbe   I_ASR_7
0000cbbc   I_ASR_8
0000cbba   I_ASR_9
0000cbfa   I_LSL
0000cc22   I_LSL_1
0000cc10   I_LSL_10
0000cc0e   I_LSL_11
0000cc0c   I_LSL_12
0000cc0a   I_LSL_13
0000cc08   I_LSL_14
0000cc06   I_LSL_15
0000cc20   I_LSL_2
0000cc1e   I_LSL_3
0000cc1c   I_LSL_4
0000cc1a   I_LSL_5
0000cc18   I_LSL_6
0000cc16   I_LSL_7
0000cc14   I_LSL_8
0000cc12   I_LSL_9
0000c8b0   I_LSR
0000c8f6   I_LSR_1
0000c8d2   I_LSR_10
0000c8ce   I_LSR_11
0000c8ca   I_LSR_12
0000c8c6   I_LSR_13
0000c8c2   I_LSR_14
0000c8be   I_LSR_15
0000c8f2   I_LSR_2
0000c8ee   I_LSR_3
0000c8ea   I_LSR_4
0000c8e6   I_LSR_5
0000c8e2   I_LSR_6
0000c8de   I_LSR_7
0000c8da   I_LSR_8
0000c8d6   I_LSR_9
0000c130   Init_UART
00000022   P1DIR
00000025   P1IE
00000024   P1IES
00000023   P1IFG
00000020   P1IN
00000021   P1OUT
00000027   P1REN
00000026   P1SEL
00000041   P1SEL2
0000002a   P2DIR
0000002d   P2IE
0000002c   P2IES
0000002b   P2IFG
00000028   P2IN
00000029   P2OUT
0000002f   P2REN
0000002e   P2SEL
00000042   P2SEL2
0000001a   P3DIR
00000018   P3IN
00000019   P3OUT
00000010   P3REN
0000001b   P3SEL
00000043   P3SEL2
00000172   TA0CCR0
00000174   TA0CCR1
00000176   TA0CCR2
00000162   TA0CCTL0
00000164   TA0CCTL1
00000166   TA0CCTL2
00000160   TA0CTL
0000012e   TA0IV
00000170   TA0R
00000192   TA1CCR0
00000194   TA1CCR1
00000196   TA1CCR2
00000182   TA1CCTL0
00000184   TA1CCTL1
00000186   TA1CCTL2
00000180   TA1CTL
0000011e   TA1IV
00000190   TA1R
000010db   TLV_ADC10_1_LEN
000010da   TLV_ADC10_1_TAG
000010c0   TLV_CHECKSUM
000010f7   TLV_DCO_30_LEN
000010f6   TLV_DCO_30_TAG
0000c946   Timer_A
00000287   UART_flag
0000cc68   UART_printf
0000005d   UCA0ABCTL
00000062   UCA0BR0
00000063   UCA0BR1
00000060   UCA0CTL0
00000061   UCA0CTL1
0000005f   UCA0IRRCTL
0000005e   UCA0IRTCTL
00000064   UCA0MCTL
00000066   UCA0RXBUF
00000065   UCA0STAT
00000067   UCA0TXBUF
0000006a   UCB0BR0
0000006b   UCB0BR1
00000068   UCB0CTL0
00000069   UCB0CTL1
0000006c   UCB0I2CIE
00000118   UCB0I2COA
0000011a   UCB0I2CSA
0000006e   UCB0RXBUF
0000006d   UCB0STAT
0000006f   UCB0TXBUF
0000ca1e   USCI0RX_ISR
0000c682   USCI0TX_ISR
00000120   WDTCTL
00000400   __STACK_END
00000050   __STACK_SIZE
0000cd4a   __TI_ISR_TRAP
00000001   __TI_args_main
00000001   __TI_auto_init
000002ac   __TI_cleanup_ptr
000002ae   __TI_dtors_ptr
00000001   __TI_exit
0000ffe4   __TI_int02
0000ffe6   __TI_int03
0000ffea   __TI_int05
0000ffec   __TI_int06
0000ffee   __TI_int07
0000fff0   __TI_int08
0000fff2   __TI_int09
0000fff4   __TI_int10
0000fff6   __TI_int11
0000fff8   __TI_int12
0000fffa   __TI_int13
0000fffc   __TI_int14
0000c45c   __TI_printfi_minimal
ffffffff   __binit__
00000200   __bss__
ffffffff   __c_args__
0000cd5a   __cinit__
00000200   __data__
0000cbce   __divi
0000ccb4   __divu
0000c766   __divul
00000200   __edata__
000002b0   __end__
0000cd5a   __etext__
0000c006   __fs_add
0000c8fc   __fs_cmp
0000c5e8   __fs_div
0000caaa   __fs_itof
0000c526   __fs_mpy
0000c000   __fs_sub
0000c6fe   __fs_toi
0000ca64   __fs_tou
0000cb14   __fs_ultof
0000ccf4   __mpyi
ffffffff   __pinit__
0000cbce   __remi
0000ccb4   __remu
0000c766   __remul
0000c000   __text__
0000c98e   _auto_init
0000cc26   _c_int00
0000cc26   _c_int00_noexit
000002a8   _lock
0000cd58   _nop
0000fffe   _reset_vector
000003b0   _stack
0000cd50   _system_pre_init
000002aa   _unlock
0000cd54   abort
ffffffff   binit
0000cd5a   cinit
00000284   currentindex
00000282   donesending
00000200   edata
000002b0   end
0000cd5a   etext
0000cd38   func_epilog_1
0000cd36   func_epilog_2
0000cd34   func_epilog_3
0000cd32   func_epilog_4
0000cd30   func_epilog_5
0000cd2e   func_epilog_6
0000cd2c   func_epilog_7
0000c366   main
0000cc4c   memccpy
0000cd1a   memcpy
0000cce0   memset
00000292   motors
00000288   msgindex
0000028b   newmsg
0000028c   newprint
ffffffff   pinit
00000268   printbuff
00000286   printf_flag
000002a6   recchar
00000234   rxbuff
0000ccca   sendchar
0000cb74   sendchars
00000285   senddone
0000028a   started
0000cd3c   strlen
0000028e   timecnt
00000200   txbuff
00000283   txcount
00000289   txindex
0000c862   updateTLC
0000cae0   vsprintf


GLOBAL SYMBOLS: SORTED BY Symbol Address 

address    name
--------   ----
00000000   IE1
00000001   IE2
00000001   __TI_args_main
00000001   __TI_auto_init
00000001   __TI_exit
00000002   IFG1
00000003   IFG2
00000010   P3REN
00000018   P3IN
00000019   P3OUT
0000001a   P3DIR
0000001b   P3SEL
00000020   P1IN
00000021   P1OUT
00000022   P1DIR
00000023   P1IFG
00000024   P1IES
00000025   P1IE
00000026   P1SEL
00000027   P1REN
00000028   P2IN
00000029   P2OUT
0000002a   P2DIR
0000002b   P2IFG
0000002c   P2IES
0000002d   P2IE
0000002e   P2SEL
0000002f   P2REN
00000041   P1SEL2
00000042   P2SEL2
00000043   P3SEL2
00000048   ADC10DTC0
00000049   ADC10DTC1
0000004a   ADC10AE0
00000050   __STACK_SIZE
00000053   BCSCTL3
00000056   DCOCTL
00000057   BCSCTL1
00000058   BCSCTL2
00000059   CACTL1
0000005a   CACTL2
0000005b   CAPD
0000005d   UCA0ABCTL
0000005e   UCA0IRTCTL
0000005f   UCA0IRRCTL
00000060   UCA0CTL0
00000061   UCA0CTL1
00000062   UCA0BR0
00000063   UCA0BR1
00000064   UCA0MCTL
00000065   UCA0STAT
00000066   UCA0RXBUF
00000067   UCA0TXBUF
00000068   UCB0CTL0
00000069   UCB0CTL1
0000006a   UCB0BR0
0000006b   UCB0BR1
0000006c   UCB0I2CIE
0000006d   UCB0STAT
0000006e   UCB0RXBUF
0000006f   UCB0TXBUF
00000118   UCB0I2COA
0000011a   UCB0I2CSA
0000011e   TA1IV
00000120   WDTCTL
00000128   FCTL1
0000012a   FCTL2
0000012c   FCTL3
0000012e   TA0IV
00000160   TA0CTL
00000162   TA0CCTL0
00000164   TA0CCTL1
00000166   TA0CCTL2
00000170   TA0R
00000172   TA0CCR0
00000174   TA0CCR1
00000176   TA0CCR2
00000180   TA1CTL
00000182   TA1CCTL0
00000184   TA1CCTL1
00000186   TA1CCTL2
00000190   TA1R
00000192   TA1CCR0
00000194   TA1CCR1
00000196   TA1CCR2
000001b0   ADC10CTL0
000001b2   ADC10CTL1
000001b4   ADC10MEM
000001bc   ADC10SA
00000200   .bss
00000200   .data
00000200   __bss__
00000200   __data__
00000200   __edata__
00000200   edata
00000200   txbuff
00000234   rxbuff
00000268   printbuff
00000282   donesending
00000283   txcount
00000284   currentindex
00000285   senddone
00000286   printf_flag
00000287   UART_flag
00000288   msgindex
00000289   txindex
0000028a   started
0000028b   newmsg
0000028c   newprint
0000028e   timecnt
00000292   motors
000002a6   recchar
000002a8   _lock
000002aa   _unlock
000002ac   __TI_cleanup_ptr
000002ae   __TI_dtors_ptr
000002b0   __end__
000002b0   end
000003b0   _stack
00000400   __STACK_END
000010c0   TLV_CHECKSUM
000010da   TLV_ADC10_1_TAG
000010db   TLV_ADC10_1_LEN
000010f6   TLV_DCO_30_TAG
000010f7   TLV_DCO_30_LEN
000010f8   CALDCO_16MHZ
000010f9   CALBC1_16MHZ
000010fa   CALDCO_12MHZ
000010fb   CALBC1_12MHZ
000010fc   CALDCO_8MHZ
000010fd   CALBC1_8MHZ
000010fe   CALDCO_1MHZ
000010ff   CALBC1_1MHZ
0000c000   .text
0000c000   __fs_sub
0000c000   __text__
0000c006   __fs_add
0000c130   Init_UART
0000c366   main
0000c45c   __TI_printfi_minimal
0000c526   __fs_mpy
0000c5e8   __fs_div
0000c682   USCI0TX_ISR
0000c6fe   __fs_toi
0000c766   __divul
0000c766   __remul
0000c862   updateTLC
0000c8b0   I_LSR
0000c8be   I_LSR_15
0000c8c2   I_LSR_14
0000c8c6   I_LSR_13
0000c8ca   I_LSR_12
0000c8ce   I_LSR_11
0000c8d2   I_LSR_10
0000c8d6   I_LSR_9
0000c8da   I_LSR_8
0000c8de   I_LSR_7
0000c8e2   I_LSR_6
0000c8e6   I_LSR_5
0000c8ea   I_LSR_4
0000c8ee   I_LSR_3
0000c8f2   I_LSR_2
0000c8f6   I_LSR_1
0000c8fc   __fs_cmp
0000c946   Timer_A
0000c98e   _auto_init
0000ca1e   USCI0RX_ISR
0000ca64   __fs_tou
0000caaa   __fs_itof
0000cae0   vsprintf
0000cb14   __fs_ultof
0000cb74   sendchars
0000cba2   I_ASR
0000cbae   I_ASR_15
0000cbb0   I_ASR_14
0000cbb2   I_ASR_13
0000cbb4   I_ASR_12
0000cbb6   I_ASR_11
0000cbb8   I_ASR_10
0000cbba   I_ASR_9
0000cbbc   I_ASR_8
0000cbbe   I_ASR_7
0000cbc0   I_ASR_6
0000cbc2   I_ASR_5
0000cbc4   I_ASR_4
0000cbc6   I_ASR_3
0000cbc8   I_ASR_2
0000cbca   I_ASR_1
0000cbce   __divi
0000cbce   __remi
0000cbfa   I_LSL
0000cc06   I_LSL_15
0000cc08   I_LSL_14
0000cc0a   I_LSL_13
0000cc0c   I_LSL_12
0000cc0e   I_LSL_11
0000cc10   I_LSL_10
0000cc12   I_LSL_9
0000cc14   I_LSL_8
0000cc16   I_LSL_7
0000cc18   I_LSL_6
0000cc1a   I_LSL_5
0000cc1c   I_LSL_4
0000cc1e   I_LSL_3
0000cc20   I_LSL_2
0000cc22   I_LSL_1
0000cc26   _c_int00
0000cc26   _c_int00_noexit
0000cc4c   memccpy
0000cc68   UART_printf
0000ccb4   __divu
0000ccb4   __remu
0000ccca   sendchar
0000cce0   memset
0000ccf4   __mpyi
0000cd1a   memcpy
0000cd2c   func_epilog_7
0000cd2e   func_epilog_6
0000cd30   func_epilog_5
0000cd32   func_epilog_4
0000cd34   func_epilog_3
0000cd36   func_epilog_2
0000cd38   func_epilog_1
0000cd3c   strlen
0000cd4a   __TI_ISR_TRAP
0000cd50   _system_pre_init
0000cd54   C$$EXIT
0000cd54   abort
0000cd58   _nop
0000cd5a   __cinit__
0000cd5a   __etext__
0000cd5a   cinit
0000cd5a   etext
0000ffe4   __TI_int02
0000ffe6   __TI_int03
0000ffea   __TI_int05
0000ffec   __TI_int06
0000ffee   __TI_int07
0000fff0   __TI_int08
0000fff2   __TI_int09
0000fff4   __TI_int10
0000fff6   __TI_int11
0000fff8   __TI_int12
0000fffa   __TI_int13
0000fffc   __TI_int14
0000fffe   _reset_vector
ffffffff   __binit__
ffffffff   __c_args__
ffffffff   __pinit__
ffffffff   binit
ffffffff   pinit

[251 symbols]
