<?xml version="1.0"?>
<link_info>
   <banner>MSP430 Linker PC v4.4.5</banner>
   <copyright>Copyright (c) 2003-2015 Texas Instruments Incorporated</copyright>
   <link_time>0x56428a1e</link_time>
   <link_errors>0x0</link_errors>
   <output_file>445WristBand.out</output_file>
   <entry_point>
      <name>_c_int00_noargs_noexit</name>
      <address>0xd07c</address>
   </entry_point>
   <input_file_list>
      <input_file id="fl-2">
         <path>.\</path>
         <kind>object</kind>
         <file>UARTfuncs.obj</file>
         <name>UARTfuncs.obj</name>
      </input_file>
      <input_file id="fl-3">
         <path>.\</path>
         <kind>object</kind>
         <file>user_445WristBand.obj</file>
         <name>user_445WristBand.obj</name>
      </input_file>
      <input_file id="fl-32">
         <path>C:\ti\ccsv6\tools\compiler\ti-cgt-msp430_4.4.5\lib\</path>
         <kind>archive</kind>
         <file>rts430.lib</file>
         <name>asr16.obj</name>
      </input_file>
      <input_file id="fl-33">
         <path>C:\ti\ccsv6\tools\compiler\ti-cgt-msp430_4.4.5\lib\</path>
         <kind>archive</kind>
         <file>rts430.lib</file>
         <name>atoi.obj</name>
      </input_file>
      <input_file id="fl-34">
         <path>C:\ti\ccsv6\tools\compiler\ti-cgt-msp430_4.4.5\lib\</path>
         <kind>archive</kind>
         <file>rts430.lib</file>
         <name>boot.obj</name>
      </input_file>
      <input_file id="fl-35">
         <path>C:\ti\ccsv6\tools\compiler\ti-cgt-msp430_4.4.5\lib\</path>
         <kind>archive</kind>
         <file>rts430.lib</file>
         <name>boot_special.obj</name>
      </input_file>
      <input_file id="fl-36">
         <path>C:\ti\ccsv6\tools\compiler\ti-cgt-msp430_4.4.5\lib\</path>
         <kind>archive</kind>
         <file>rts430.lib</file>
         <name>copy_decompress_none.obj</name>
      </input_file>
      <input_file id="fl-37">
         <path>C:\ti\ccsv6\tools\compiler\ti-cgt-msp430_4.4.5\lib\</path>
         <kind>archive</kind>
         <file>rts430.lib</file>
         <name>copy_decompress_rle.obj</name>
      </input_file>
      <input_file id="fl-38">
         <path>C:\ti\ccsv6\tools\compiler\ti-cgt-msp430_4.4.5\lib\</path>
         <kind>archive</kind>
         <file>rts430.lib</file>
         <name>copy_zero_init.obj</name>
      </input_file>
      <input_file id="fl-39">
         <path>C:\ti\ccsv6\tools\compiler\ti-cgt-msp430_4.4.5\lib\</path>
         <kind>archive</kind>
         <file>rts430.lib</file>
         <name>ctype.obj</name>
      </input_file>
      <input_file id="fl-3a">
         <path>C:\ti\ccsv6\tools\compiler\ti-cgt-msp430_4.4.5\lib\</path>
         <kind>archive</kind>
         <file>rts430.lib</file>
         <name>div16s.obj</name>
      </input_file>
      <input_file id="fl-3b">
         <path>C:\ti\ccsv6\tools\compiler\ti-cgt-msp430_4.4.5\lib\</path>
         <kind>archive</kind>
         <file>rts430.lib</file>
         <name>div16u.obj</name>
      </input_file>
      <input_file id="fl-3c">
         <path>C:\ti\ccsv6\tools\compiler\ti-cgt-msp430_4.4.5\lib\</path>
         <kind>archive</kind>
         <file>rts430.lib</file>
         <name>div32u.obj</name>
      </input_file>
      <input_file id="fl-3d">
         <path>C:\ti\ccsv6\tools\compiler\ti-cgt-msp430_4.4.5\lib\</path>
         <kind>archive</kind>
         <file>rts430.lib</file>
         <name>epilog.obj</name>
      </input_file>
      <input_file id="fl-3e">
         <path>C:\ti\ccsv6\tools\compiler\ti-cgt-msp430_4.4.5\lib\</path>
         <kind>archive</kind>
         <file>rts430.lib</file>
         <name>exit.obj</name>
      </input_file>
      <input_file id="fl-3f">
         <path>C:\ti\ccsv6\tools\compiler\ti-cgt-msp430_4.4.5\lib\</path>
         <kind>archive</kind>
         <file>rts430.lib</file>
         <name>exit_gvars.obj</name>
      </input_file>
      <input_file id="fl-40">
         <path>C:\ti\ccsv6\tools\compiler\ti-cgt-msp430_4.4.5\lib\</path>
         <kind>archive</kind>
         <file>rts430.lib</file>
         <name>fs_add.obj</name>
      </input_file>
      <input_file id="fl-41">
         <path>C:\ti\ccsv6\tools\compiler\ti-cgt-msp430_4.4.5\lib\</path>
         <kind>archive</kind>
         <file>rts430.lib</file>
         <name>fs_cmp.obj</name>
      </input_file>
      <input_file id="fl-42">
         <path>C:\ti\ccsv6\tools\compiler\ti-cgt-msp430_4.4.5\lib\</path>
         <kind>archive</kind>
         <file>rts430.lib</file>
         <name>fs_div.obj</name>
      </input_file>
      <input_file id="fl-43">
         <path>C:\ti\ccsv6\tools\compiler\ti-cgt-msp430_4.4.5\lib\</path>
         <kind>archive</kind>
         <file>rts430.lib</file>
         <name>fs_itof.obj</name>
      </input_file>
      <input_file id="fl-44">
         <path>C:\ti\ccsv6\tools\compiler\ti-cgt-msp430_4.4.5\lib\</path>
         <kind>archive</kind>
         <file>rts430.lib</file>
         <name>fs_mpy.obj</name>
      </input_file>
      <input_file id="fl-45">
         <path>C:\ti\ccsv6\tools\compiler\ti-cgt-msp430_4.4.5\lib\</path>
         <kind>archive</kind>
         <file>rts430.lib</file>
         <name>fs_toi.obj</name>
      </input_file>
      <input_file id="fl-46">
         <path>C:\ti\ccsv6\tools\compiler\ti-cgt-msp430_4.4.5\lib\</path>
         <kind>archive</kind>
         <file>rts430.lib</file>
         <name>fs_ultof.obj</name>
      </input_file>
      <input_file id="fl-47">
         <path>C:\ti\ccsv6\tools\compiler\ti-cgt-msp430_4.4.5\lib\</path>
         <kind>archive</kind>
         <file>rts430.lib</file>
         <name>int02.obj</name>
      </input_file>
      <input_file id="fl-48">
         <path>C:\ti\ccsv6\tools\compiler\ti-cgt-msp430_4.4.5\lib\</path>
         <kind>archive</kind>
         <file>rts430.lib</file>
         <name>int05.obj</name>
      </input_file>
      <input_file id="fl-49">
         <path>C:\ti\ccsv6\tools\compiler\ti-cgt-msp430_4.4.5\lib\</path>
         <kind>archive</kind>
         <file>rts430.lib</file>
         <name>int08.obj</name>
      </input_file>
      <input_file id="fl-4a">
         <path>C:\ti\ccsv6\tools\compiler\ti-cgt-msp430_4.4.5\lib\</path>
         <kind>archive</kind>
         <file>rts430.lib</file>
         <name>int10.obj</name>
      </input_file>
      <input_file id="fl-4b">
         <path>C:\ti\ccsv6\tools\compiler\ti-cgt-msp430_4.4.5\lib\</path>
         <kind>archive</kind>
         <file>rts430.lib</file>
         <name>int11.obj</name>
      </input_file>
      <input_file id="fl-4c">
         <path>C:\ti\ccsv6\tools\compiler\ti-cgt-msp430_4.4.5\lib\</path>
         <kind>archive</kind>
         <file>rts430.lib</file>
         <name>int13.obj</name>
      </input_file>
      <input_file id="fl-4d">
         <path>C:\ti\ccsv6\tools\compiler\ti-cgt-msp430_4.4.5\lib\</path>
         <kind>archive</kind>
         <file>rts430.lib</file>
         <name>int14.obj</name>
      </input_file>
      <input_file id="fl-4e">
         <path>C:\ti\ccsv6\tools\compiler\ti-cgt-msp430_4.4.5\lib\</path>
         <kind>archive</kind>
         <file>rts430.lib</file>
         <name>isr_trap.obj</name>
      </input_file>
      <input_file id="fl-4f">
         <path>C:\ti\ccsv6\tools\compiler\ti-cgt-msp430_4.4.5\lib\</path>
         <kind>archive</kind>
         <file>rts430.lib</file>
         <name>lsl16.obj</name>
      </input_file>
      <input_file id="fl-50">
         <path>C:\ti\ccsv6\tools\compiler\ti-cgt-msp430_4.4.5\lib\</path>
         <kind>archive</kind>
         <file>rts430.lib</file>
         <name>lsl32.obj</name>
      </input_file>
      <input_file id="fl-51">
         <path>C:\ti\ccsv6\tools\compiler\ti-cgt-msp430_4.4.5\lib\</path>
         <kind>archive</kind>
         <file>rts430.lib</file>
         <name>lsr16.obj</name>
      </input_file>
      <input_file id="fl-52">
         <path>C:\ti\ccsv6\tools\compiler\ti-cgt-msp430_4.4.5\lib\</path>
         <kind>archive</kind>
         <file>rts430.lib</file>
         <name>lsr32.obj</name>
      </input_file>
      <input_file id="fl-53">
         <path>C:\ti\ccsv6\tools\compiler\ti-cgt-msp430_4.4.5\lib\</path>
         <kind>archive</kind>
         <file>rts430.lib</file>
         <name>memcpy.obj</name>
      </input_file>
      <input_file id="fl-54">
         <path>C:\ti\ccsv6\tools\compiler\ti-cgt-msp430_4.4.5\lib\</path>
         <kind>archive</kind>
         <file>rts430.lib</file>
         <name>mpu_init.obj</name>
      </input_file>
      <input_file id="fl-55">
         <path>C:\ti\ccsv6\tools\compiler\ti-cgt-msp430_4.4.5\lib\</path>
         <kind>archive</kind>
         <file>rts430.lib</file>
         <name>mult16.obj</name>
      </input_file>
      <input_file id="fl-56">
         <path>C:\ti\ccsv6\tools\compiler\ti-cgt-msp430_4.4.5\lib\</path>
         <kind>archive</kind>
         <file>rts430.lib</file>
         <name>pre_init.obj</name>
      </input_file>
      <input_file id="fl-57">
         <path>C:\ti\ccsv6\tools\compiler\ti-cgt-msp430_4.4.5\lib\</path>
         <kind>archive</kind>
         <file>rts430.lib</file>
         <name>vsprintf.obj</name>
      </input_file>
      <input_file id="fl-58">
         <path>C:\ti\ccsv6\tools\compiler\ti-cgt-msp430_4.4.5\lib\</path>
         <kind>archive</kind>
         <file>rts430.lib</file>
         <name>_lock.obj</name>
      </input_file>
      <input_file id="fl-59">
         <path>C:\ti\ccsv6\tools\compiler\ti-cgt-msp430_4.4.5\lib\</path>
         <kind>archive</kind>
         <file>rts430.lib</file>
         <name>_printfi_min.obj</name>
      </input_file>
      <input_file id="fl-5a">
         <path>C:\ti\ccsv6\tools\compiler\ti-cgt-msp430_4.4.5\lib\</path>
         <kind>archive</kind>
         <file>rts430.lib</file>
         <name>args_main.obj</name>
      </input_file>
      <input_file id="fl-5b">
         <path>C:\ti\ccsv6\tools\compiler\ti-cgt-msp430_4.4.5\lib\</path>
         <kind>archive</kind>
         <file>rts430.lib</file>
         <name>autoinit.obj</name>
      </input_file>
      <input_file id="fl-5c">
         <path>C:\ti\ccsv6\tools\compiler\ti-cgt-msp430_4.4.5\lib\</path>
         <kind>archive</kind>
         <file>rts430.lib</file>
         <name>memccpy.obj</name>
      </input_file>
      <input_file id="fl-5d">
         <path>C:\ti\ccsv6\tools\compiler\ti-cgt-msp430_4.4.5\lib\</path>
         <kind>archive</kind>
         <file>rts430.lib</file>
         <name>memset.obj</name>
      </input_file>
      <input_file id="fl-5e">
         <path>C:\ti\ccsv6\tools\compiler\ti-cgt-msp430_4.4.5\lib\</path>
         <kind>archive</kind>
         <file>rts430.lib</file>
         <name>strlen.obj</name>
      </input_file>
   </input_file_list>
   <object_component_list>
      <object_component id="oc-49">
         <name>.bss</name>
         <uninitialized>true</uninitialized>
         <run_address>0x200</run_address>
         <size>0x88</size>
         <input_file_ref idref="fl-2"/>
      </object_component>
      <object_component id="oc-50">
         <name>.bss</name>
         <uninitialized>true</uninitialized>
         <run_address>0x288</run_address>
         <size>0x58</size>
         <input_file_ref idref="fl-3"/>
      </object_component>
      <object_component id="oc-63">
         <name>.stack</name>
         <uninitialized>true</uninitialized>
         <run_address>0x3b0</run_address>
         <size>0x2</size>
         <input_file_ref idref="fl-34"/>
      </object_component>
      <object_component id="oc-16d">
         <name>.stack</name>
         <uninitialized>true</uninitialized>
         <run_address>0x3b0</run_address>
         <size>0x0</size>
      </object_component>
      <object_component id="oc-113">
         <name>.text:USCI0RX_ISR</name>
         <load_address>0xc000</load_address>
         <run_address>0xc000</run_address>
         <size>0x1f6</size>
         <input_file_ref idref="fl-3"/>
      </object_component>
      <object_component id="oc-11b">
         <name>.text:main</name>
         <load_address>0xc1f6</load_address>
         <run_address>0xc1f6</run_address>
         <size>0x1f0</size>
         <input_file_ref idref="fl-3"/>
      </object_component>
      <object_component id="oc-99">
         <name>.text</name>
         <load_address>0xc3e6</load_address>
         <run_address>0xc3e6</run_address>
         <size>0x130</size>
         <input_file_ref idref="fl-40"/>
      </object_component>
      <object_component id="oc-129">
         <name>.text:Init_UART</name>
         <load_address>0xc516</load_address>
         <run_address>0xc516</run_address>
         <size>0x120</size>
         <input_file_ref idref="fl-2"/>
      </object_component>
      <object_component id="oc-138">
         <name>.text:_setfield</name>
         <load_address>0xc636</load_address>
         <run_address>0xc636</run_address>
         <size>0x116</size>
         <input_file_ref idref="fl-59"/>
      </object_component>
      <object_component id="oc-136">
         <name>.text:__TI_printfi_minimal</name>
         <load_address>0xc74c</load_address>
         <run_address>0xc74c</run_address>
         <size>0xca</size>
         <input_file_ref idref="fl-59"/>
      </object_component>
      <object_component id="oc-ad">
         <name>.text</name>
         <load_address>0xc816</load_address>
         <run_address>0xc816</run_address>
         <size>0xc2</size>
         <input_file_ref idref="fl-44"/>
      </object_component>
      <object_component id="oc-112">
         <name>.text:USCI0TX_ISR</name>
         <load_address>0xc8d8</load_address>
         <run_address>0xc8d8</run_address>
         <size>0xa6</size>
         <input_file_ref idref="fl-3"/>
      </object_component>
      <object_component id="oc-a3">
         <name>.text</name>
         <load_address>0xc97e</load_address>
         <run_address>0xc97e</run_address>
         <size>0x9a</size>
         <input_file_ref idref="fl-42"/>
      </object_component>
      <object_component id="oc-12d">
         <name>.text:happy</name>
         <load_address>0xca18</load_address>
         <run_address>0xca18</run_address>
         <size>0x6c</size>
         <input_file_ref idref="fl-3"/>
      </object_component>
      <object_component id="oc-b2">
         <name>.text</name>
         <load_address>0xca84</load_address>
         <run_address>0xca84</run_address>
         <size>0x68</size>
         <input_file_ref idref="fl-45"/>
      </object_component>
      <object_component id="oc-114">
         <name>.text:Timer_A</name>
         <load_address>0xcaec</load_address>
         <run_address>0xcaec</run_address>
         <size>0x62</size>
         <input_file_ref idref="fl-3"/>
      </object_component>
      <object_component id="oc-12e">
         <name>.text:updateTLC_array</name>
         <load_address>0xcb4e</load_address>
         <run_address>0xcb4e</run_address>
         <size>0x60</size>
         <input_file_ref idref="fl-3"/>
      </object_component>
      <object_component id="oc-89">
         <name>.text</name>
         <load_address>0xcbae</load_address>
         <run_address>0xcbae</run_address>
         <size>0x58</size>
         <input_file_ref idref="fl-3c"/>
      </object_component>
      <object_component id="oc-13e">
         <name>.text:_ltostr</name>
         <load_address>0xcc06</load_address>
         <run_address>0xcc06</run_address>
         <size>0x56</size>
         <input_file_ref idref="fl-59"/>
      </object_component>
      <object_component id="oc-11f">
         <name>.text:atoi</name>
         <load_address>0xcc5c</load_address>
         <run_address>0xcc5c</run_address>
         <size>0x52</size>
         <input_file_ref idref="fl-33"/>
      </object_component>
      <object_component id="oc-13b">
         <name>.text:_pproc_diouxp</name>
         <load_address>0xccae</load_address>
         <run_address>0xccae</run_address>
         <size>0x4e</size>
         <input_file_ref idref="fl-59"/>
      </object_component>
      <object_component id="oc-ca">
         <name>.text</name>
         <load_address>0xccfc</load_address>
         <run_address>0xccfc</run_address>
         <size>0x4c</size>
         <input_file_ref idref="fl-51"/>
      </object_component>
      <object_component id="oc-9e">
         <name>.text</name>
         <load_address>0xcd48</load_address>
         <run_address>0xcd48</run_address>
         <size>0x4a</size>
         <input_file_ref idref="fl-41"/>
      </object_component>
      <object_component id="oc-117">
         <name>.text:_auto_init</name>
         <load_address>0xcd92</load_address>
         <run_address>0xcd92</run_address>
         <size>0x48</size>
         <input_file_ref idref="fl-5b"/>
      </object_component>
      <object_component id="oc-139">
         <name>.text:_pproc_str</name>
         <load_address>0xcdda</load_address>
         <run_address>0xcdda</run_address>
         <size>0x48</size>
         <input_file_ref idref="fl-59"/>
      </object_component>
      <object_component id="oc-12c">
         <name>.text:suprised</name>
         <load_address>0xce22</load_address>
         <run_address>0xce22</run_address>
         <size>0x48</size>
         <input_file_ref idref="fl-3"/>
      </object_component>
      <object_component id="oc-111">
         <name>.text:Port_2</name>
         <load_address>0xce6a</load_address>
         <run_address>0xce6a</run_address>
         <size>0x3c</size>
         <input_file_ref idref="fl-3"/>
      </object_component>
      <object_component id="oc-a8">
         <name>.text</name>
         <load_address>0xcea6</load_address>
         <run_address>0xcea6</run_address>
         <size>0x36</size>
         <input_file_ref idref="fl-43"/>
      </object_component>
      <object_component id="oc-132">
         <name>.text:vsprintf</name>
         <load_address>0xcedc</load_address>
         <run_address>0xcedc</run_address>
         <size>0x34</size>
         <input_file_ref idref="fl-57"/>
      </object_component>
      <object_component id="oc-b7">
         <name>.text</name>
         <load_address>0xcf10</load_address>
         <run_address>0xcf10</run_address>
         <size>0x32</size>
         <input_file_ref idref="fl-46"/>
      </object_component>
      <object_component id="oc-13d">
         <name>.text:_getarg_diouxp</name>
         <load_address>0xcf42</load_address>
         <run_address>0xcf42</run_address>
         <size>0x2e</size>
         <input_file_ref idref="fl-59"/>
      </object_component>
      <object_component id="oc-133">
         <name>.text:sendchars</name>
         <load_address>0xcf70</load_address>
         <run_address>0xcf70</run_address>
         <size>0x2e</size>
         <input_file_ref idref="fl-2"/>
      </object_component>
      <object_component id="oc-58">
         <name>.text</name>
         <load_address>0xcf9e</load_address>
         <run_address>0xcf9e</run_address>
         <size>0x2c</size>
         <input_file_ref idref="fl-32"/>
      </object_component>
      <object_component id="oc-7f">
         <name>.text</name>
         <load_address>0xcfca</load_address>
         <run_address>0xcfca</run_address>
         <size>0x2c</size>
         <input_file_ref idref="fl-3a"/>
      </object_component>
      <object_component id="oc-c1">
         <name>.text</name>
         <load_address>0xcff6</load_address>
         <run_address>0xcff6</run_address>
         <size>0x2c</size>
         <input_file_ref idref="fl-4f"/>
      </object_component>
      <object_component id="oc-115">
         <name>.text:Timer_1</name>
         <load_address>0xd022</load_address>
         <run_address>0xd022</run_address>
         <size>0x22</size>
         <input_file_ref idref="fl-3"/>
      </object_component>
      <object_component id="oc-12b">
         <name>.text:neutral</name>
         <load_address>0xd044</load_address>
         <run_address>0xd044</run_address>
         <size>0x1e</size>
         <input_file_ref idref="fl-3"/>
      </object_component>
      <object_component id="oc-12a">
         <name>.text:UART_printf</name>
         <load_address>0xd062</load_address>
         <run_address>0xd062</run_address>
         <size>0x1a</size>
         <input_file_ref idref="fl-2"/>
      </object_component>
      <object_component id="oc-43">
         <name>.text:_c_int00_noargs_noexit</name>
         <load_address>0xd07c</load_address>
         <run_address>0xd07c</run_address>
         <size>0x1a</size>
         <input_file_ref idref="fl-35"/>
      </object_component>
      <object_component id="oc-134">
         <name>.text:_outs</name>
         <load_address>0xd096</load_address>
         <run_address>0xd096</run_address>
         <size>0x1a</size>
         <input_file_ref idref="fl-57"/>
      </object_component>
      <object_component id="oc-13c">
         <name>.text:memccpy</name>
         <load_address>0xd0b0</load_address>
         <run_address>0xd0b0</run_address>
         <size>0x1a</size>
         <input_file_ref idref="fl-5c"/>
      </object_component>
      <object_component id="oc-13f">
         <name>.text:_div</name>
         <load_address>0xd0ca</load_address>
         <run_address>0xd0ca</run_address>
         <size>0x18</size>
         <input_file_ref idref="fl-59"/>
      </object_component>
      <object_component id="oc-84">
         <name>.text</name>
         <load_address>0xd0e2</load_address>
         <run_address>0xd0e2</run_address>
         <size>0x16</size>
         <input_file_ref idref="fl-3b"/>
      </object_component>
      <object_component id="oc-11e">
         <name>.text:sendchar</name>
         <load_address>0xd0f8</load_address>
         <run_address>0xd0f8</run_address>
         <size>0x16</size>
         <input_file_ref idref="fl-2"/>
      </object_component>
      <object_component id="oc-13a">
         <name>.text:memset</name>
         <load_address>0xd10e</load_address>
         <run_address>0xd10e</run_address>
         <size>0x14</size>
         <input_file_ref idref="fl-5d"/>
      </object_component>
      <object_component id="oc-12f">
         <name>.text</name>
         <load_address>0xd122</load_address>
         <run_address>0xd122</run_address>
         <size>0x14</size>
         <input_file_ref idref="fl-55"/>
      </object_component>
      <object_component id="oc-135">
         <name>.text:_outc</name>
         <load_address>0xd136</load_address>
         <run_address>0xd136</run_address>
         <size>0x12</size>
         <input_file_ref idref="fl-57"/>
      </object_component>
      <object_component id="oc-10f">
         <name>.text:memcpy</name>
         <load_address>0xd148</load_address>
         <run_address>0xd148</run_address>
         <size>0x12</size>
         <input_file_ref idref="fl-53"/>
      </object_component>
      <object_component id="oc-11d">
         <name>.text</name>
         <load_address>0xd15a</load_address>
         <run_address>0xd15a</run_address>
         <size>0x10</size>
         <input_file_ref idref="fl-3d"/>
      </object_component>
      <object_component id="oc-120">
         <name>.text:sendTLC_array</name>
         <load_address>0xd16a</load_address>
         <run_address>0xd16a</run_address>
         <size>0xe</size>
         <input_file_ref idref="fl-3"/>
      </object_component>
      <object_component id="oc-137">
         <name>.text:strlen</name>
         <load_address>0xd178</load_address>
         <run_address>0xd178</run_address>
         <size>0xe</size>
         <input_file_ref idref="fl-5e"/>
      </object_component>
      <object_component id="oc-bc">
         <name>.text:_isr:__TI_ISR_TRAP</name>
         <load_address>0xd186</load_address>
         <run_address>0xd186</run_address>
         <size>0x6</size>
         <input_file_ref idref="fl-4e"/>
      </object_component>
      <object_component id="oc-116">
         <name>.text:_system_pre_init</name>
         <load_address>0xd18c</load_address>
         <run_address>0xd18c</run_address>
         <size>0x4</size>
         <input_file_ref idref="fl-56"/>
      </object_component>
      <object_component id="oc-11c">
         <name>.text:abort</name>
         <load_address>0xd190</load_address>
         <run_address>0xd190</run_address>
         <size>0x4</size>
         <input_file_ref idref="fl-3e"/>
      </object_component>
      <object_component id="oc-52">
         <name>.cinit</name>
         <load_address>0xd2ca</load_address>
         <run_address>0xd2ca</run_address>
         <size>0x58</size>
         <input_file_ref idref="fl-3"/>
      </object_component>
      <object_component id="oc-4b">
         <name>.cinit</name>
         <load_address>0xd322</load_address>
         <run_address>0xd322</run_address>
         <size>0x23</size>
         <input_file_ref idref="fl-2"/>
      </object_component>
      <object_component id="oc-130">
         <name>.const:.string:_ctypes_</name>
         <load_address>0xd194</load_address>
         <run_address>0xd194</run_address>
         <size>0x101</size>
         <input_file_ref idref="fl-39"/>
      </object_component>
      <object_component id="oc-53">
         <name>.const:.string</name>
         <load_address>0xd296</load_address>
         <run_address>0xd296</run_address>
         <size>0x20</size>
         <input_file_ref idref="fl-3"/>
      </object_component>
      <object_component id="oc-f1">
         <name>.const:.string</name>
         <load_address>0xd2b6</load_address>
         <run_address>0xd2b6</run_address>
         <size>0x14</size>
         <input_file_ref idref="fl-59"/>
      </object_component>
      <object_component id="oc-32">
         <name>.int02</name>
         <load_address>0xffe4</load_address>
         <run_address>0xffe4</run_address>
         <size>0x2</size>
         <input_file_ref idref="fl-47"/>
      </object_component>
      <object_component id="oc-33">
         <name>.int03</name>
         <load_address>0xffe6</load_address>
         <run_address>0xffe6</run_address>
         <size>0x2</size>
         <input_file_ref idref="fl-3"/>
      </object_component>
      <object_component id="oc-34">
         <name>.int05</name>
         <load_address>0xffea</load_address>
         <run_address>0xffea</run_address>
         <size>0x2</size>
         <input_file_ref idref="fl-48"/>
      </object_component>
      <object_component id="oc-35">
         <name>.int06</name>
         <load_address>0xffec</load_address>
         <run_address>0xffec</run_address>
         <size>0x2</size>
         <input_file_ref idref="fl-3"/>
      </object_component>
      <object_component id="oc-36">
         <name>.int07</name>
         <load_address>0xffee</load_address>
         <run_address>0xffee</run_address>
         <size>0x2</size>
         <input_file_ref idref="fl-3"/>
      </object_component>
      <object_component id="oc-37">
         <name>.int08</name>
         <load_address>0xfff0</load_address>
         <run_address>0xfff0</run_address>
         <size>0x2</size>
         <input_file_ref idref="fl-49"/>
      </object_component>
      <object_component id="oc-38">
         <name>.int09</name>
         <load_address>0xfff2</load_address>
         <run_address>0xfff2</run_address>
         <size>0x2</size>
         <input_file_ref idref="fl-3"/>
      </object_component>
      <object_component id="oc-39">
         <name>.int10</name>
         <load_address>0xfff4</load_address>
         <run_address>0xfff4</run_address>
         <size>0x2</size>
         <input_file_ref idref="fl-4a"/>
      </object_component>
      <object_component id="oc-3a">
         <name>.int11</name>
         <load_address>0xfff6</load_address>
         <run_address>0xfff6</run_address>
         <size>0x2</size>
         <input_file_ref idref="fl-4b"/>
      </object_component>
      <object_component id="oc-3b">
         <name>.int12</name>
         <load_address>0xfff8</load_address>
         <run_address>0xfff8</run_address>
         <size>0x2</size>
         <input_file_ref idref="fl-3"/>
      </object_component>
      <object_component id="oc-3c">
         <name>.int13</name>
         <load_address>0xfffa</load_address>
         <run_address>0xfffa</run_address>
         <size>0x2</size>
         <input_file_ref idref="fl-4c"/>
      </object_component>
      <object_component id="oc-3d">
         <name>.int14</name>
         <load_address>0xfffc</load_address>
         <run_address>0xfffc</run_address>
         <size>0x2</size>
         <input_file_ref idref="fl-4d"/>
      </object_component>
      <object_component id="oc-64">
         <name>.reset</name>
         <load_address>0xfffe</load_address>
         <run_address>0xfffe</run_address>
         <size>0x2</size>
         <input_file_ref idref="fl-34"/>
      </object_component>
      <object_component id="oc-4a">
         <name>.debug_info</name>
         <load_address>0x0</load_address>
         <run_address>0x0</run_address>
         <size>0x93d</size>
         <input_file_ref idref="fl-2"/>
      </object_component>
      <object_component id="oc-51">
         <name>.debug_info</name>
         <load_address>0x93d</load_address>
         <run_address>0x93d</run_address>
         <size>0x134d</size>
         <input_file_ref idref="fl-3"/>
      </object_component>
      <object_component id="oc-59">
         <name>.debug_info</name>
         <load_address>0x1c8a</load_address>
         <run_address>0x1c8a</run_address>
         <size>0xe5</size>
         <input_file_ref idref="fl-32"/>
      </object_component>
      <object_component id="oc-5d">
         <name>.debug_info</name>
         <load_address>0x1d6f</load_address>
         <run_address>0x1d6f</run_address>
         <size>0x2c8</size>
         <input_file_ref idref="fl-33"/>
      </object_component>
      <object_component id="oc-62">
         <name>.debug_info</name>
         <load_address>0x2037</load_address>
         <run_address>0x2037</run_address>
         <size>0x284</size>
         <input_file_ref idref="fl-34"/>
      </object_component>
      <object_component id="oc-69">
         <name>.debug_info</name>
         <load_address>0x22bb</load_address>
         <run_address>0x22bb</run_address>
         <size>0x360</size>
         <input_file_ref idref="fl-35"/>
      </object_component>
      <object_component id="oc-6e">
         <name>.debug_info</name>
         <load_address>0x261b</load_address>
         <run_address>0x261b</run_address>
         <size>0x2a2</size>
         <input_file_ref idref="fl-36"/>
      </object_component>
      <object_component id="oc-73">
         <name>.debug_info</name>
         <load_address>0x28bd</load_address>
         <run_address>0x28bd</run_address>
         <size>0x247</size>
         <input_file_ref idref="fl-37"/>
      </object_component>
      <object_component id="oc-78">
         <name>.debug_info</name>
         <load_address>0x2b04</load_address>
         <run_address>0x2b04</run_address>
         <size>0x25d</size>
         <input_file_ref idref="fl-38"/>
      </object_component>
      <object_component id="oc-7d">
         <name>.debug_info</name>
         <load_address>0x2d61</load_address>
         <run_address>0x2d61</run_address>
         <size>0x1b2</size>
         <input_file_ref idref="fl-39"/>
      </object_component>
      <object_component id="oc-80">
         <name>.debug_info</name>
         <load_address>0x2f13</load_address>
         <run_address>0x2f13</run_address>
         <size>0xf5</size>
         <input_file_ref idref="fl-3a"/>
      </object_component>
      <object_component id="oc-85">
         <name>.debug_info</name>
         <load_address>0x3008</load_address>
         <run_address>0x3008</run_address>
         <size>0xe8</size>
         <input_file_ref idref="fl-3b"/>
      </object_component>
      <object_component id="oc-8a">
         <name>.debug_info</name>
         <load_address>0x30f0</load_address>
         <run_address>0x30f0</run_address>
         <size>0xea</size>
         <input_file_ref idref="fl-3c"/>
      </object_component>
      <object_component id="oc-8e">
         <name>.debug_info</name>
         <load_address>0x31da</load_address>
         <run_address>0x31da</run_address>
         <size>0xf1</size>
         <input_file_ref idref="fl-3d"/>
      </object_component>
      <object_component id="oc-92">
         <name>.debug_info</name>
         <load_address>0x32cb</load_address>
         <run_address>0x32cb</run_address>
         <size>0x2c7</size>
         <input_file_ref idref="fl-3e"/>
      </object_component>
      <object_component id="oc-97">
         <name>.debug_info</name>
         <load_address>0x3592</load_address>
         <run_address>0x3592</run_address>
         <size>0x19e</size>
         <input_file_ref idref="fl-3f"/>
      </object_component>
      <object_component id="oc-9a">
         <name>.debug_info</name>
         <load_address>0x3730</load_address>
         <run_address>0x3730</run_address>
         <size>0xec</size>
         <input_file_ref idref="fl-40"/>
      </object_component>
      <object_component id="oc-9f">
         <name>.debug_info</name>
         <load_address>0x381c</load_address>
         <run_address>0x381c</run_address>
         <size>0xf8</size>
         <input_file_ref idref="fl-41"/>
      </object_component>
      <object_component id="oc-a4">
         <name>.debug_info</name>
         <load_address>0x3914</load_address>
         <run_address>0x3914</run_address>
         <size>0xec</size>
         <input_file_ref idref="fl-42"/>
      </object_component>
      <object_component id="oc-a9">
         <name>.debug_info</name>
         <load_address>0x3a00</load_address>
         <run_address>0x3a00</run_address>
         <size>0xf5</size>
         <input_file_ref idref="fl-43"/>
      </object_component>
      <object_component id="oc-ae">
         <name>.debug_info</name>
         <load_address>0x3af5</load_address>
         <run_address>0x3af5</run_address>
         <size>0xec</size>
         <input_file_ref idref="fl-44"/>
      </object_component>
      <object_component id="oc-b3">
         <name>.debug_info</name>
         <load_address>0x3be1</load_address>
         <run_address>0x3be1</run_address>
         <size>0xfe</size>
         <input_file_ref idref="fl-45"/>
      </object_component>
      <object_component id="oc-b8">
         <name>.debug_info</name>
         <load_address>0x3cdf</load_address>
         <run_address>0x3cdf</run_address>
         <size>0xf2</size>
         <input_file_ref idref="fl-46"/>
      </object_component>
      <object_component id="oc-bd">
         <name>.debug_info</name>
         <load_address>0x3dd1</load_address>
         <run_address>0x3dd1</run_address>
         <size>0xe4</size>
         <input_file_ref idref="fl-4e"/>
      </object_component>
      <object_component id="oc-c2">
         <name>.debug_info</name>
         <load_address>0x3eb5</load_address>
         <run_address>0x3eb5</run_address>
         <size>0xe5</size>
         <input_file_ref idref="fl-4f"/>
      </object_component>
      <object_component id="oc-c6">
         <name>.debug_info</name>
         <load_address>0x3f9a</load_address>
         <run_address>0x3f9a</run_address>
         <size>0xb7</size>
         <input_file_ref idref="fl-50"/>
      </object_component>
      <object_component id="oc-cb">
         <name>.debug_info</name>
         <load_address>0x4051</load_address>
         <run_address>0x4051</run_address>
         <size>0xe5</size>
         <input_file_ref idref="fl-51"/>
      </object_component>
      <object_component id="oc-cf">
         <name>.debug_info</name>
         <load_address>0x4136</load_address>
         <run_address>0x4136</run_address>
         <size>0xb7</size>
         <input_file_ref idref="fl-52"/>
      </object_component>
      <object_component id="oc-d3">
         <name>.debug_info</name>
         <load_address>0x41ed</load_address>
         <run_address>0x41ed</run_address>
         <size>0x2d0</size>
         <input_file_ref idref="fl-53"/>
      </object_component>
      <object_component id="oc-d8">
         <name>.debug_info</name>
         <load_address>0x44bd</load_address>
         <run_address>0x44bd</run_address>
         <size>0x29c</size>
         <input_file_ref idref="fl-54"/>
      </object_component>
      <object_component id="oc-dd">
         <name>.debug_info</name>
         <load_address>0x4759</load_address>
         <run_address>0x4759</run_address>
         <size>0xe8</size>
         <input_file_ref idref="fl-55"/>
      </object_component>
      <object_component id="oc-e1">
         <name>.debug_info</name>
         <load_address>0x4841</load_address>
         <run_address>0x4841</run_address>
         <size>0x259</size>
         <input_file_ref idref="fl-56"/>
      </object_component>
      <object_component id="oc-e6">
         <name>.debug_info</name>
         <load_address>0x4a9a</load_address>
         <run_address>0x4a9a</run_address>
         <size>0x526</size>
         <input_file_ref idref="fl-57"/>
      </object_component>
      <object_component id="oc-eb">
         <name>.debug_info</name>
         <load_address>0x4fc0</load_address>
         <run_address>0x4fc0</run_address>
         <size>0x202</size>
         <input_file_ref idref="fl-58"/>
      </object_component>
      <object_component id="oc-f0">
         <name>.debug_info</name>
         <load_address>0x51c2</load_address>
         <run_address>0x51c2</run_address>
         <size>0xc4c</size>
         <input_file_ref idref="fl-59"/>
      </object_component>
      <object_component id="oc-f6">
         <name>.debug_info</name>
         <load_address>0x5e0e</load_address>
         <run_address>0x5e0e</run_address>
         <size>0x2b4</size>
         <input_file_ref idref="fl-5a"/>
      </object_component>
      <object_component id="oc-fb">
         <name>.debug_info</name>
         <load_address>0x60c2</load_address>
         <run_address>0x60c2</run_address>
         <size>0x36e</size>
         <input_file_ref idref="fl-5b"/>
      </object_component>
      <object_component id="oc-100">
         <name>.debug_info</name>
         <load_address>0x6430</load_address>
         <run_address>0x6430</run_address>
         <size>0x2d2</size>
         <input_file_ref idref="fl-5c"/>
      </object_component>
      <object_component id="oc-105">
         <name>.debug_info</name>
         <load_address>0x6702</load_address>
         <run_address>0x6702</run_address>
         <size>0x379</size>
         <input_file_ref idref="fl-5d"/>
      </object_component>
      <object_component id="oc-10a">
         <name>.debug_info</name>
         <load_address>0x6a7b</load_address>
         <run_address>0x6a7b</run_address>
         <size>0x32a</size>
         <input_file_ref idref="fl-5e"/>
      </object_component>
      <object_component id="oc-16e">
         <name>.debug_info</name>
         <load_address>0x6da5</load_address>
         <run_address>0x6da5</run_address>
         <size>0xae</size>
      </object_component>
      <object_component id="oc-4c">
         <name>.debug_frame</name>
         <load_address>0x0</load_address>
         <run_address>0x0</run_address>
         <size>0x96</size>
         <input_file_ref idref="fl-2"/>
      </object_component>
      <object_component id="oc-54">
         <name>.debug_frame</name>
         <load_address>0x96</load_address>
         <run_address>0x96</run_address>
         <size>0x1b8</size>
         <input_file_ref idref="fl-3"/>
      </object_component>
      <object_component id="oc-5e">
         <name>.debug_frame</name>
         <load_address>0x24e</load_address>
         <run_address>0x24e</run_address>
         <size>0x50</size>
         <input_file_ref idref="fl-33"/>
      </object_component>
      <object_component id="oc-65">
         <name>.debug_frame</name>
         <load_address>0x29e</load_address>
         <run_address>0x29e</run_address>
         <size>0x32</size>
         <input_file_ref idref="fl-34"/>
      </object_component>
      <object_component id="oc-6a">
         <name>.debug_frame</name>
         <load_address>0x2d0</load_address>
         <run_address>0x2d0</run_address>
         <size>0x42</size>
         <input_file_ref idref="fl-35"/>
      </object_component>
      <object_component id="oc-6f">
         <name>.debug_frame</name>
         <load_address>0x312</load_address>
         <run_address>0x312</run_address>
         <size>0x32</size>
         <input_file_ref idref="fl-36"/>
      </object_component>
      <object_component id="oc-74">
         <name>.debug_frame</name>
         <load_address>0x344</load_address>
         <run_address>0x344</run_address>
         <size>0x32</size>
         <input_file_ref idref="fl-37"/>
      </object_component>
      <object_component id="oc-79">
         <name>.debug_frame</name>
         <load_address>0x376</load_address>
         <run_address>0x376</run_address>
         <size>0x32</size>
         <input_file_ref idref="fl-38"/>
      </object_component>
      <object_component id="oc-93">
         <name>.debug_frame</name>
         <load_address>0x3a8</load_address>
         <run_address>0x3a8</run_address>
         <size>0x47</size>
         <input_file_ref idref="fl-3e"/>
      </object_component>
      <object_component id="oc-d4">
         <name>.debug_frame</name>
         <load_address>0x3ef</load_address>
         <run_address>0x3ef</run_address>
         <size>0x47</size>
         <input_file_ref idref="fl-53"/>
      </object_component>
      <object_component id="oc-d9">
         <name>.debug_frame</name>
         <load_address>0x436</load_address>
         <run_address>0x436</run_address>
         <size>0x32</size>
         <input_file_ref idref="fl-54"/>
      </object_component>
      <object_component id="oc-e2">
         <name>.debug_frame</name>
         <load_address>0x468</load_address>
         <run_address>0x468</run_address>
         <size>0x47</size>
         <input_file_ref idref="fl-56"/>
      </object_component>
      <object_component id="oc-e7">
         <name>.debug_frame</name>
         <load_address>0x4af</load_address>
         <run_address>0x4af</run_address>
         <size>0x81</size>
         <input_file_ref idref="fl-57"/>
      </object_component>
      <object_component id="oc-ec">
         <name>.debug_frame</name>
         <load_address>0x530</load_address>
         <run_address>0x530</run_address>
         <size>0x32</size>
         <input_file_ref idref="fl-58"/>
      </object_component>
      <object_component id="oc-f2">
         <name>.debug_frame</name>
         <load_address>0x562</load_address>
         <run_address>0x562</run_address>
         <size>0x13f</size>
         <input_file_ref idref="fl-59"/>
      </object_component>
      <object_component id="oc-f7">
         <name>.debug_frame</name>
         <load_address>0x6a1</load_address>
         <run_address>0x6a1</run_address>
         <size>0x32</size>
         <input_file_ref idref="fl-5a"/>
      </object_component>
      <object_component id="oc-fc">
         <name>.debug_frame</name>
         <load_address>0x6d3</load_address>
         <run_address>0x6d3</run_address>
         <size>0x51</size>
         <input_file_ref idref="fl-5b"/>
      </object_component>
      <object_component id="oc-101">
         <name>.debug_frame</name>
         <load_address>0x724</load_address>
         <run_address>0x724</run_address>
         <size>0x47</size>
         <input_file_ref idref="fl-5c"/>
      </object_component>
      <object_component id="oc-106">
         <name>.debug_frame</name>
         <load_address>0x76b</load_address>
         <run_address>0x76b</run_address>
         <size>0x47</size>
         <input_file_ref idref="fl-5d"/>
      </object_component>
      <object_component id="oc-10b">
         <name>.debug_frame</name>
         <load_address>0x7b2</load_address>
         <run_address>0x7b2</run_address>
         <size>0x47</size>
         <input_file_ref idref="fl-5e"/>
      </object_component>
      <object_component id="oc-4d">
         <name>.debug_line</name>
         <load_address>0x0</load_address>
         <run_address>0x0</run_address>
         <size>0xf2</size>
         <input_file_ref idref="fl-2"/>
      </object_component>
      <object_component id="oc-55">
         <name>.debug_line</name>
         <load_address>0xf2</load_address>
         <run_address>0xf2</run_address>
         <size>0x37a</size>
         <input_file_ref idref="fl-3"/>
      </object_component>
      <object_component id="oc-5a">
         <name>.debug_line</name>
         <load_address>0x46c</load_address>
         <run_address>0x46c</run_address>
         <size>0x4e</size>
         <input_file_ref idref="fl-32"/>
      </object_component>
      <object_component id="oc-5f">
         <name>.debug_line</name>
         <load_address>0x4ba</load_address>
         <run_address>0x4ba</run_address>
         <size>0x5d</size>
         <input_file_ref idref="fl-33"/>
      </object_component>
      <object_component id="oc-66">
         <name>.debug_line</name>
         <load_address>0x517</load_address>
         <run_address>0x517</run_address>
         <size>0x27</size>
         <input_file_ref idref="fl-34"/>
      </object_component>
      <object_component id="oc-6b">
         <name>.debug_line</name>
         <load_address>0x53e</load_address>
         <run_address>0x53e</run_address>
         <size>0x4c</size>
         <input_file_ref idref="fl-35"/>
      </object_component>
      <object_component id="oc-70">
         <name>.debug_line</name>
         <load_address>0x58a</load_address>
         <run_address>0x58a</run_address>
         <size>0x37</size>
         <input_file_ref idref="fl-36"/>
      </object_component>
      <object_component id="oc-75">
         <name>.debug_line</name>
         <load_address>0x5c1</load_address>
         <run_address>0x5c1</run_address>
         <size>0x36</size>
         <input_file_ref idref="fl-37"/>
      </object_component>
      <object_component id="oc-7a">
         <name>.debug_line</name>
         <load_address>0x5f7</load_address>
         <run_address>0x5f7</run_address>
         <size>0x31</size>
         <input_file_ref idref="fl-38"/>
      </object_component>
      <object_component id="oc-81">
         <name>.debug_line</name>
         <load_address>0x628</load_address>
         <run_address>0x628</run_address>
         <size>0x4d</size>
         <input_file_ref idref="fl-3a"/>
      </object_component>
      <object_component id="oc-86">
         <name>.debug_line</name>
         <load_address>0x675</load_address>
         <run_address>0x675</run_address>
         <size>0x43</size>
         <input_file_ref idref="fl-3b"/>
      </object_component>
      <object_component id="oc-8b">
         <name>.debug_line</name>
         <load_address>0x6b8</load_address>
         <run_address>0x6b8</run_address>
         <size>0x64</size>
         <input_file_ref idref="fl-3c"/>
      </object_component>
      <object_component id="oc-8f">
         <name>.debug_line</name>
         <load_address>0x71c</load_address>
         <run_address>0x71c</run_address>
         <size>0x40</size>
         <input_file_ref idref="fl-3d"/>
      </object_component>
      <object_component id="oc-94">
         <name>.debug_line</name>
         <load_address>0x75c</load_address>
         <run_address>0x75c</run_address>
         <size>0x3d</size>
         <input_file_ref idref="fl-3e"/>
      </object_component>
      <object_component id="oc-9b">
         <name>.debug_line</name>
         <load_address>0x799</load_address>
         <run_address>0x799</run_address>
         <size>0xba</size>
         <input_file_ref idref="fl-40"/>
      </object_component>
      <object_component id="oc-a0">
         <name>.debug_line</name>
         <load_address>0x853</load_address>
         <run_address>0x853</run_address>
         <size>0x5e</size>
         <input_file_ref idref="fl-41"/>
      </object_component>
      <object_component id="oc-a5">
         <name>.debug_line</name>
         <load_address>0x8b1</load_address>
         <run_address>0x8b1</run_address>
         <size>0x82</size>
         <input_file_ref idref="fl-42"/>
      </object_component>
      <object_component id="oc-aa">
         <name>.debug_line</name>
         <load_address>0x933</load_address>
         <run_address>0x933</run_address>
         <size>0x55</size>
         <input_file_ref idref="fl-43"/>
      </object_component>
      <object_component id="oc-af">
         <name>.debug_line</name>
         <load_address>0x988</load_address>
         <run_address>0x988</run_address>
         <size>0x93</size>
         <input_file_ref idref="fl-44"/>
      </object_component>
      <object_component id="oc-b4">
         <name>.debug_line</name>
         <load_address>0xa1b</load_address>
         <run_address>0xa1b</run_address>
         <size>0x68</size>
         <input_file_ref idref="fl-45"/>
      </object_component>
      <object_component id="oc-b9">
         <name>.debug_line</name>
         <load_address>0xa83</load_address>
         <run_address>0xa83</run_address>
         <size>0x54</size>
         <input_file_ref idref="fl-46"/>
      </object_component>
      <object_component id="oc-be">
         <name>.debug_line</name>
         <load_address>0xad7</load_address>
         <run_address>0xad7</run_address>
         <size>0x3c</size>
         <input_file_ref idref="fl-4e"/>
      </object_component>
      <object_component id="oc-c3">
         <name>.debug_line</name>
         <load_address>0xb13</load_address>
         <run_address>0xb13</run_address>
         <size>0x4e</size>
         <input_file_ref idref="fl-4f"/>
      </object_component>
      <object_component id="oc-c7">
         <name>.debug_line</name>
         <load_address>0xb61</load_address>
         <run_address>0xb61</run_address>
         <size>0x2a</size>
         <input_file_ref idref="fl-50"/>
      </object_component>
      <object_component id="oc-cc">
         <name>.debug_line</name>
         <load_address>0xb8b</load_address>
         <run_address>0xb8b</run_address>
         <size>0x5e</size>
         <input_file_ref idref="fl-51"/>
      </object_component>
      <object_component id="oc-d0">
         <name>.debug_line</name>
         <load_address>0xbe9</load_address>
         <run_address>0xbe9</run_address>
         <size>0x2a</size>
         <input_file_ref idref="fl-52"/>
      </object_component>
      <object_component id="oc-d5">
         <name>.debug_line</name>
         <load_address>0xc13</load_address>
         <run_address>0xc13</run_address>
         <size>0x45</size>
         <input_file_ref idref="fl-53"/>
      </object_component>
      <object_component id="oc-da">
         <name>.debug_line</name>
         <load_address>0xc58</load_address>
         <run_address>0xc58</run_address>
         <size>0x2b</size>
         <input_file_ref idref="fl-54"/>
      </object_component>
      <object_component id="oc-de">
         <name>.debug_line</name>
         <load_address>0xc83</load_address>
         <run_address>0xc83</run_address>
         <size>0x42</size>
         <input_file_ref idref="fl-55"/>
      </object_component>
      <object_component id="oc-e3">
         <name>.debug_line</name>
         <load_address>0xcc5</load_address>
         <run_address>0xcc5</run_address>
         <size>0x3e</size>
         <input_file_ref idref="fl-56"/>
      </object_component>
      <object_component id="oc-e8">
         <name>.debug_line</name>
         <load_address>0xd03</load_address>
         <run_address>0xd03</run_address>
         <size>0x76</size>
         <input_file_ref idref="fl-57"/>
      </object_component>
      <object_component id="oc-ed">
         <name>.debug_line</name>
         <load_address>0xd79</load_address>
         <run_address>0xd79</run_address>
         <size>0x28</size>
         <input_file_ref idref="fl-58"/>
      </object_component>
      <object_component id="oc-f3">
         <name>.debug_line</name>
         <load_address>0xda1</load_address>
         <run_address>0xda1</run_address>
         <size>0x1c9</size>
         <input_file_ref idref="fl-59"/>
      </object_component>
      <object_component id="oc-f8">
         <name>.debug_line</name>
         <load_address>0xf6a</load_address>
         <run_address>0xf6a</run_address>
         <size>0x2c</size>
         <input_file_ref idref="fl-5a"/>
      </object_component>
      <object_component id="oc-fd">
         <name>.debug_line</name>
         <load_address>0xf96</load_address>
         <run_address>0xf96</run_address>
         <size>0x78</size>
         <input_file_ref idref="fl-5b"/>
      </object_component>
      <object_component id="oc-102">
         <name>.debug_line</name>
         <load_address>0x100e</load_address>
         <run_address>0x100e</run_address>
         <size>0x48</size>
         <input_file_ref idref="fl-5c"/>
      </object_component>
      <object_component id="oc-107">
         <name>.debug_line</name>
         <load_address>0x1056</load_address>
         <run_address>0x1056</run_address>
         <size>0x9c</size>
         <input_file_ref idref="fl-5d"/>
      </object_component>
      <object_component id="oc-10c">
         <name>.debug_line</name>
         <load_address>0x10f2</load_address>
         <run_address>0x10f2</run_address>
         <size>0x9a</size>
         <input_file_ref idref="fl-5e"/>
      </object_component>
      <object_component id="oc-4e">
         <name>.debug_abbrev</name>
         <load_address>0x0</load_address>
         <run_address>0x0</run_address>
         <size>0x143</size>
         <input_file_ref idref="fl-2"/>
      </object_component>
      <object_component id="oc-56">
         <name>.debug_abbrev</name>
         <load_address>0x143</load_address>
         <run_address>0x143</run_address>
         <size>0x149</size>
         <input_file_ref idref="fl-3"/>
      </object_component>
      <object_component id="oc-5b">
         <name>.debug_abbrev</name>
         <load_address>0x28c</load_address>
         <run_address>0x28c</run_address>
         <size>0x38</size>
         <input_file_ref idref="fl-32"/>
      </object_component>
      <object_component id="oc-60">
         <name>.debug_abbrev</name>
         <load_address>0x2c4</load_address>
         <run_address>0x2c4</run_address>
         <size>0xc6</size>
         <input_file_ref idref="fl-33"/>
      </object_component>
      <object_component id="oc-67">
         <name>.debug_abbrev</name>
         <load_address>0x38a</load_address>
         <run_address>0x38a</run_address>
         <size>0xb0</size>
         <input_file_ref idref="fl-34"/>
      </object_component>
      <object_component id="oc-6c">
         <name>.debug_abbrev</name>
         <load_address>0x43a</load_address>
         <run_address>0x43a</run_address>
         <size>0xb2</size>
         <input_file_ref idref="fl-35"/>
      </object_component>
      <object_component id="oc-71">
         <name>.debug_abbrev</name>
         <load_address>0x4ec</load_address>
         <run_address>0x4ec</run_address>
         <size>0xbb</size>
         <input_file_ref idref="fl-36"/>
      </object_component>
      <object_component id="oc-76">
         <name>.debug_abbrev</name>
         <load_address>0x5a7</load_address>
         <run_address>0x5a7</run_address>
         <size>0xd6</size>
         <input_file_ref idref="fl-37"/>
      </object_component>
      <object_component id="oc-7b">
         <name>.debug_abbrev</name>
         <load_address>0x67d</load_address>
         <run_address>0x67d</run_address>
         <size>0x9d</size>
         <input_file_ref idref="fl-38"/>
      </object_component>
      <object_component id="oc-7e">
         <name>.debug_abbrev</name>
         <load_address>0x71a</load_address>
         <run_address>0x71a</run_address>
         <size>0x4e</size>
         <input_file_ref idref="fl-39"/>
      </object_component>
      <object_component id="oc-82">
         <name>.debug_abbrev</name>
         <load_address>0x768</load_address>
         <run_address>0x768</run_address>
         <size>0x46</size>
         <input_file_ref idref="fl-3a"/>
      </object_component>
      <object_component id="oc-87">
         <name>.debug_abbrev</name>
         <load_address>0x7ae</load_address>
         <run_address>0x7ae</run_address>
         <size>0x38</size>
         <input_file_ref idref="fl-3b"/>
      </object_component>
      <object_component id="oc-8c">
         <name>.debug_abbrev</name>
         <load_address>0x7e6</load_address>
         <run_address>0x7e6</run_address>
         <size>0x38</size>
         <input_file_ref idref="fl-3c"/>
      </object_component>
      <object_component id="oc-90">
         <name>.debug_abbrev</name>
         <load_address>0x81e</load_address>
         <run_address>0x81e</run_address>
         <size>0x36</size>
         <input_file_ref idref="fl-3d"/>
      </object_component>
      <object_component id="oc-95">
         <name>.debug_abbrev</name>
         <load_address>0x854</load_address>
         <run_address>0x854</run_address>
         <size>0xfe</size>
         <input_file_ref idref="fl-3e"/>
      </object_component>
      <object_component id="oc-98">
         <name>.debug_abbrev</name>
         <load_address>0x952</load_address>
         <run_address>0x952</run_address>
         <size>0x53</size>
         <input_file_ref idref="fl-3f"/>
      </object_component>
      <object_component id="oc-9c">
         <name>.debug_abbrev</name>
         <load_address>0x9a5</load_address>
         <run_address>0x9a5</run_address>
         <size>0x38</size>
         <input_file_ref idref="fl-40"/>
      </object_component>
      <object_component id="oc-a1">
         <name>.debug_abbrev</name>
         <load_address>0x9dd</load_address>
         <run_address>0x9dd</run_address>
         <size>0x38</size>
         <input_file_ref idref="fl-41"/>
      </object_component>
      <object_component id="oc-a6">
         <name>.debug_abbrev</name>
         <load_address>0xa15</load_address>
         <run_address>0xa15</run_address>
         <size>0x38</size>
         <input_file_ref idref="fl-42"/>
      </object_component>
      <object_component id="oc-ab">
         <name>.debug_abbrev</name>
         <load_address>0xa4d</load_address>
         <run_address>0xa4d</run_address>
         <size>0x38</size>
         <input_file_ref idref="fl-43"/>
      </object_component>
      <object_component id="oc-b0">
         <name>.debug_abbrev</name>
         <load_address>0xa85</load_address>
         <run_address>0xa85</run_address>
         <size>0x38</size>
         <input_file_ref idref="fl-44"/>
      </object_component>
      <object_component id="oc-b5">
         <name>.debug_abbrev</name>
         <load_address>0xabd</load_address>
         <run_address>0xabd</run_address>
         <size>0x38</size>
         <input_file_ref idref="fl-45"/>
      </object_component>
      <object_component id="oc-ba">
         <name>.debug_abbrev</name>
         <load_address>0xaf5</load_address>
         <run_address>0xaf5</run_address>
         <size>0x38</size>
         <input_file_ref idref="fl-46"/>
      </object_component>
      <object_component id="oc-bf">
         <name>.debug_abbrev</name>
         <load_address>0xb2d</load_address>
         <run_address>0xb2d</run_address>
         <size>0x24</size>
         <input_file_ref idref="fl-4e"/>
      </object_component>
      <object_component id="oc-c4">
         <name>.debug_abbrev</name>
         <load_address>0xb51</load_address>
         <run_address>0xb51</run_address>
         <size>0x38</size>
         <input_file_ref idref="fl-4f"/>
      </object_component>
      <object_component id="oc-c8">
         <name>.debug_abbrev</name>
         <load_address>0xb89</load_address>
         <run_address>0xb89</run_address>
         <size>0x38</size>
         <input_file_ref idref="fl-50"/>
      </object_component>
      <object_component id="oc-cd">
         <name>.debug_abbrev</name>
         <load_address>0xbc1</load_address>
         <run_address>0xbc1</run_address>
         <size>0x38</size>
         <input_file_ref idref="fl-51"/>
      </object_component>
      <object_component id="oc-d1">
         <name>.debug_abbrev</name>
         <load_address>0xbf9</load_address>
         <run_address>0xbf9</run_address>
         <size>0x38</size>
         <input_file_ref idref="fl-52"/>
      </object_component>
      <object_component id="oc-d6">
         <name>.debug_abbrev</name>
         <load_address>0xc31</load_address>
         <run_address>0xc31</run_address>
         <size>0x9f</size>
         <input_file_ref idref="fl-53"/>
      </object_component>
      <object_component id="oc-db">
         <name>.debug_abbrev</name>
         <load_address>0xcd0</load_address>
         <run_address>0xcd0</run_address>
         <size>0xa6</size>
         <input_file_ref idref="fl-54"/>
      </object_component>
      <object_component id="oc-df">
         <name>.debug_abbrev</name>
         <load_address>0xd76</load_address>
         <run_address>0xd76</run_address>
         <size>0x38</size>
         <input_file_ref idref="fl-55"/>
      </object_component>
      <object_component id="oc-e4">
         <name>.debug_abbrev</name>
         <load_address>0xdae</load_address>
         <run_address>0xdae</run_address>
         <size>0x68</size>
         <input_file_ref idref="fl-56"/>
      </object_component>
      <object_component id="oc-e9">
         <name>.debug_abbrev</name>
         <load_address>0xe16</load_address>
         <run_address>0xe16</run_address>
         <size>0xfb</size>
         <input_file_ref idref="fl-57"/>
      </object_component>
      <object_component id="oc-ee">
         <name>.debug_abbrev</name>
         <load_address>0xf11</load_address>
         <run_address>0xf11</run_address>
         <size>0xa9</size>
         <input_file_ref idref="fl-58"/>
      </object_component>
      <object_component id="oc-f4">
         <name>.debug_abbrev</name>
         <load_address>0xfba</load_address>
         <run_address>0xfba</run_address>
         <size>0x170</size>
         <input_file_ref idref="fl-59"/>
      </object_component>
      <object_component id="oc-f9">
         <name>.debug_abbrev</name>
         <load_address>0x112a</load_address>
         <run_address>0x112a</run_address>
         <size>0xec</size>
         <input_file_ref idref="fl-5a"/>
      </object_component>
      <object_component id="oc-fe">
         <name>.debug_abbrev</name>
         <load_address>0x1216</load_address>
         <run_address>0x1216</run_address>
         <size>0xec</size>
         <input_file_ref idref="fl-5b"/>
      </object_component>
      <object_component id="oc-103">
         <name>.debug_abbrev</name>
         <load_address>0x1302</load_address>
         <run_address>0x1302</run_address>
         <size>0x94</size>
         <input_file_ref idref="fl-5c"/>
      </object_component>
      <object_component id="oc-108">
         <name>.debug_abbrev</name>
         <load_address>0x1396</load_address>
         <run_address>0x1396</run_address>
         <size>0x9f</size>
         <input_file_ref idref="fl-5d"/>
      </object_component>
      <object_component id="oc-10d">
         <name>.debug_abbrev</name>
         <load_address>0x1435</load_address>
         <run_address>0x1435</run_address>
         <size>0x9f</size>
         <input_file_ref idref="fl-5e"/>
      </object_component>
      <object_component id="oc-16f">
         <name>.debug_abbrev</name>
         <load_address>0x14d4</load_address>
         <run_address>0x14d4</run_address>
         <size>0xf</size>
      </object_component>
      <object_component id="oc-4f">
         <name>.debug_aranges</name>
         <load_address>0x0</load_address>
         <run_address>0x0</run_address>
         <size>0x38</size>
         <input_file_ref idref="fl-2"/>
      </object_component>
      <object_component id="oc-57">
         <name>.debug_aranges</name>
         <load_address>0x38</load_address>
         <run_address>0x38</run_address>
         <size>0x70</size>
         <input_file_ref idref="fl-3"/>
      </object_component>
      <object_component id="oc-5c">
         <name>.debug_aranges</name>
         <load_address>0xa8</load_address>
         <run_address>0xa8</run_address>
         <size>0x20</size>
         <input_file_ref idref="fl-32"/>
      </object_component>
      <object_component id="oc-61">
         <name>.debug_aranges</name>
         <load_address>0xc8</load_address>
         <run_address>0xc8</run_address>
         <size>0x20</size>
         <input_file_ref idref="fl-33"/>
      </object_component>
      <object_component id="oc-68">
         <name>.debug_aranges</name>
         <load_address>0xe8</load_address>
         <run_address>0xe8</run_address>
         <size>0x18</size>
         <input_file_ref idref="fl-34"/>
      </object_component>
      <object_component id="oc-6d">
         <name>.debug_aranges</name>
         <load_address>0x100</load_address>
         <run_address>0x100</run_address>
         <size>0x20</size>
         <input_file_ref idref="fl-35"/>
      </object_component>
      <object_component id="oc-72">
         <name>.debug_aranges</name>
         <load_address>0x120</load_address>
         <run_address>0x120</run_address>
         <size>0x18</size>
         <input_file_ref idref="fl-36"/>
      </object_component>
      <object_component id="oc-77">
         <name>.debug_aranges</name>
         <load_address>0x138</load_address>
         <run_address>0x138</run_address>
         <size>0x18</size>
         <input_file_ref idref="fl-37"/>
      </object_component>
      <object_component id="oc-7c">
         <name>.debug_aranges</name>
         <load_address>0x150</load_address>
         <run_address>0x150</run_address>
         <size>0x18</size>
         <input_file_ref idref="fl-38"/>
      </object_component>
      <object_component id="oc-83">
         <name>.debug_aranges</name>
         <load_address>0x168</load_address>
         <run_address>0x168</run_address>
         <size>0x20</size>
         <input_file_ref idref="fl-3a"/>
      </object_component>
      <object_component id="oc-88">
         <name>.debug_aranges</name>
         <load_address>0x188</load_address>
         <run_address>0x188</run_address>
         <size>0x20</size>
         <input_file_ref idref="fl-3b"/>
      </object_component>
      <object_component id="oc-8d">
         <name>.debug_aranges</name>
         <load_address>0x1a8</load_address>
         <run_address>0x1a8</run_address>
         <size>0x20</size>
         <input_file_ref idref="fl-3c"/>
      </object_component>
      <object_component id="oc-91">
         <name>.debug_aranges</name>
         <load_address>0x1c8</load_address>
         <run_address>0x1c8</run_address>
         <size>0x20</size>
         <input_file_ref idref="fl-3d"/>
      </object_component>
      <object_component id="oc-96">
         <name>.debug_aranges</name>
         <load_address>0x1e8</load_address>
         <run_address>0x1e8</run_address>
         <size>0x20</size>
         <input_file_ref idref="fl-3e"/>
      </object_component>
      <object_component id="oc-9d">
         <name>.debug_aranges</name>
         <load_address>0x208</load_address>
         <run_address>0x208</run_address>
         <size>0x20</size>
         <input_file_ref idref="fl-40"/>
      </object_component>
      <object_component id="oc-a2">
         <name>.debug_aranges</name>
         <load_address>0x228</load_address>
         <run_address>0x228</run_address>
         <size>0x20</size>
         <input_file_ref idref="fl-41"/>
      </object_component>
      <object_component id="oc-a7">
         <name>.debug_aranges</name>
         <load_address>0x248</load_address>
         <run_address>0x248</run_address>
         <size>0x20</size>
         <input_file_ref idref="fl-42"/>
      </object_component>
      <object_component id="oc-ac">
         <name>.debug_aranges</name>
         <load_address>0x268</load_address>
         <run_address>0x268</run_address>
         <size>0x20</size>
         <input_file_ref idref="fl-43"/>
      </object_component>
      <object_component id="oc-b1">
         <name>.debug_aranges</name>
         <load_address>0x288</load_address>
         <run_address>0x288</run_address>
         <size>0x20</size>
         <input_file_ref idref="fl-44"/>
      </object_component>
      <object_component id="oc-b6">
         <name>.debug_aranges</name>
         <load_address>0x2a8</load_address>
         <run_address>0x2a8</run_address>
         <size>0x20</size>
         <input_file_ref idref="fl-45"/>
      </object_component>
      <object_component id="oc-bb">
         <name>.debug_aranges</name>
         <load_address>0x2c8</load_address>
         <run_address>0x2c8</run_address>
         <size>0x20</size>
         <input_file_ref idref="fl-46"/>
      </object_component>
      <object_component id="oc-c0">
         <name>.debug_aranges</name>
         <load_address>0x2e8</load_address>
         <run_address>0x2e8</run_address>
         <size>0x20</size>
         <input_file_ref idref="fl-4e"/>
      </object_component>
      <object_component id="oc-c5">
         <name>.debug_aranges</name>
         <load_address>0x308</load_address>
         <run_address>0x308</run_address>
         <size>0x20</size>
         <input_file_ref idref="fl-4f"/>
      </object_component>
      <object_component id="oc-c9">
         <name>.debug_aranges</name>
         <load_address>0x328</load_address>
         <run_address>0x328</run_address>
         <size>0x18</size>
         <input_file_ref idref="fl-50"/>
      </object_component>
      <object_component id="oc-ce">
         <name>.debug_aranges</name>
         <load_address>0x340</load_address>
         <run_address>0x340</run_address>
         <size>0x20</size>
         <input_file_ref idref="fl-51"/>
      </object_component>
      <object_component id="oc-d2">
         <name>.debug_aranges</name>
         <load_address>0x360</load_address>
         <run_address>0x360</run_address>
         <size>0x18</size>
         <input_file_ref idref="fl-52"/>
      </object_component>
      <object_component id="oc-d7">
         <name>.debug_aranges</name>
         <load_address>0x378</load_address>
         <run_address>0x378</run_address>
         <size>0x20</size>
         <input_file_ref idref="fl-53"/>
      </object_component>
      <object_component id="oc-dc">
         <name>.debug_aranges</name>
         <load_address>0x398</load_address>
         <run_address>0x398</run_address>
         <size>0x18</size>
         <input_file_ref idref="fl-54"/>
      </object_component>
      <object_component id="oc-e0">
         <name>.debug_aranges</name>
         <load_address>0x3b0</load_address>
         <run_address>0x3b0</run_address>
         <size>0x20</size>
         <input_file_ref idref="fl-55"/>
      </object_component>
      <object_component id="oc-e5">
         <name>.debug_aranges</name>
         <load_address>0x3d0</load_address>
         <run_address>0x3d0</run_address>
         <size>0x20</size>
         <input_file_ref idref="fl-56"/>
      </object_component>
      <object_component id="oc-ea">
         <name>.debug_aranges</name>
         <load_address>0x3f0</load_address>
         <run_address>0x3f0</run_address>
         <size>0x30</size>
         <input_file_ref idref="fl-57"/>
      </object_component>
      <object_component id="oc-ef">
         <name>.debug_aranges</name>
         <load_address>0x420</load_address>
         <run_address>0x420</run_address>
         <size>0x18</size>
         <input_file_ref idref="fl-58"/>
      </object_component>
      <object_component id="oc-f5">
         <name>.debug_aranges</name>
         <load_address>0x438</load_address>
         <run_address>0x438</run_address>
         <size>0x50</size>
         <input_file_ref idref="fl-59"/>
      </object_component>
      <object_component id="oc-fa">
         <name>.debug_aranges</name>
         <load_address>0x488</load_address>
         <run_address>0x488</run_address>
         <size>0x18</size>
         <input_file_ref idref="fl-5a"/>
      </object_component>
      <object_component id="oc-ff">
         <name>.debug_aranges</name>
         <load_address>0x4a0</load_address>
         <run_address>0x4a0</run_address>
         <size>0x20</size>
         <input_file_ref idref="fl-5b"/>
      </object_component>
      <object_component id="oc-104">
         <name>.debug_aranges</name>
         <load_address>0x4c0</load_address>
         <run_address>0x4c0</run_address>
         <size>0x20</size>
         <input_file_ref idref="fl-5c"/>
      </object_component>
      <object_component id="oc-109">
         <name>.debug_aranges</name>
         <load_address>0x4e0</load_address>
         <run_address>0x4e0</run_address>
         <size>0x20</size>
         <input_file_ref idref="fl-5d"/>
      </object_component>
      <object_component id="oc-10e">
         <name>.debug_aranges</name>
         <load_address>0x500</load_address>
         <run_address>0x500</run_address>
         <size>0x20</size>
         <input_file_ref idref="fl-5e"/>
      </object_component>
   </object_component_list>
   <logical_group_list>
      <logical_group id="lg-2" display="no" color="cyan">
         <name>.bss</name>
         <run_address>0x200</run_address>
         <size>0xe0</size>
         <contents>
            <object_component_ref idref="oc-49"/>
            <object_component_ref idref="oc-50"/>
         </contents>
      </logical_group>
      <logical_group id="lg-3" display="no" color="cyan">
         <name>.data</name>
         <run_address>0x200</run_address>
         <size>0x0</size>
         <contents>
         </contents>
      </logical_group>
      <logical_group id="lg-4" display="no" color="cyan">
         <name>.TI.noinit</name>
         <run_address>0x0</run_address>
         <size>0x0</size>
         <contents>
         </contents>
      </logical_group>
      <logical_group id="lg-5" display="no" color="cyan">
         <name>.sysmem</name>
         <run_address>0x0</run_address>
         <size>0x0</size>
         <contents>
         </contents>
      </logical_group>
      <logical_group id="lg-6" display="no" color="cyan">
         <name>.stack</name>
         <run_address>0x3b0</run_address>
         <size>0x50</size>
         <contents>
            <object_component_ref idref="oc-63"/>
            <object_component_ref idref="oc-16d"/>
         </contents>
      </logical_group>
      <logical_group id="lg-7" display="no" color="cyan">
         <name>.text</name>
         <load_address>0xc000</load_address>
         <run_address>0xc000</run_address>
         <size>0x1194</size>
         <contents>
            <object_component_ref idref="oc-113"/>
            <object_component_ref idref="oc-11b"/>
            <object_component_ref idref="oc-99"/>
            <object_component_ref idref="oc-129"/>
            <object_component_ref idref="oc-138"/>
            <object_component_ref idref="oc-136"/>
            <object_component_ref idref="oc-ad"/>
            <object_component_ref idref="oc-112"/>
            <object_component_ref idref="oc-a3"/>
            <object_component_ref idref="oc-12d"/>
            <object_component_ref idref="oc-b2"/>
            <object_component_ref idref="oc-114"/>
            <object_component_ref idref="oc-12e"/>
            <object_component_ref idref="oc-89"/>
            <object_component_ref idref="oc-13e"/>
            <object_component_ref idref="oc-11f"/>
            <object_component_ref idref="oc-13b"/>
            <object_component_ref idref="oc-ca"/>
            <object_component_ref idref="oc-9e"/>
            <object_component_ref idref="oc-117"/>
            <object_component_ref idref="oc-139"/>
            <object_component_ref idref="oc-12c"/>
            <object_component_ref idref="oc-111"/>
            <object_component_ref idref="oc-a8"/>
            <object_component_ref idref="oc-132"/>
            <object_component_ref idref="oc-b7"/>
            <object_component_ref idref="oc-13d"/>
            <object_component_ref idref="oc-133"/>
            <object_component_ref idref="oc-58"/>
            <object_component_ref idref="oc-7f"/>
            <object_component_ref idref="oc-c1"/>
            <object_component_ref idref="oc-115"/>
            <object_component_ref idref="oc-12b"/>
            <object_component_ref idref="oc-12a"/>
            <object_component_ref idref="oc-43"/>
            <object_component_ref idref="oc-134"/>
            <object_component_ref idref="oc-13c"/>
            <object_component_ref idref="oc-13f"/>
            <object_component_ref idref="oc-84"/>
            <object_component_ref idref="oc-11e"/>
            <object_component_ref idref="oc-13a"/>
            <object_component_ref idref="oc-12f"/>
            <object_component_ref idref="oc-135"/>
            <object_component_ref idref="oc-10f"/>
            <object_component_ref idref="oc-11d"/>
            <object_component_ref idref="oc-120"/>
            <object_component_ref idref="oc-137"/>
            <object_component_ref idref="oc-bc"/>
            <object_component_ref idref="oc-116"/>
            <object_component_ref idref="oc-11c"/>
         </contents>
      </logical_group>
      <logical_group id="lg-8" display="no" color="cyan">
         <name>.cinit</name>
         <load_address>0xd2ca</load_address>
         <run_address>0xd2ca</run_address>
         <size>0x7e</size>
         <contents>
            <object_component_ref idref="oc-52"/>
            <object_component_ref idref="oc-4b"/>
         </contents>
      </logical_group>
      <logical_group id="lg-9" display="no" color="cyan">
         <name>.const</name>
         <load_address>0xd194</load_address>
         <run_address>0xd194</run_address>
         <size>0x136</size>
         <contents>
            <object_component_ref idref="oc-130"/>
            <object_component_ref idref="oc-53"/>
            <object_component_ref idref="oc-f1"/>
         </contents>
      </logical_group>
      <logical_group id="lg-a" display="no" color="cyan">
         <name>.cio</name>
         <run_address>0x0</run_address>
         <size>0x0</size>
         <contents>
         </contents>
      </logical_group>
      <logical_group id="lg-b" display="no" color="cyan">
         <name>.pinit</name>
         <run_address>0x0</run_address>
         <size>0x0</size>
         <contents>
         </contents>
      </logical_group>
      <logical_group id="lg-c" display="no" color="cyan">
         <name>.init_array</name>
         <run_address>0x0</run_address>
         <size>0x0</size>
         <contents>
         </contents>
      </logical_group>
      <logical_group id="lg-d" display="no" color="cyan">
         <name>.mspabi.exidx</name>
         <run_address>0x0</run_address>
         <size>0x0</size>
         <contents>
         </contents>
      </logical_group>
      <logical_group id="lg-e" display="no" color="cyan">
         <name>.mspabi.extab</name>
         <run_address>0x0</run_address>
         <size>0x0</size>
         <contents>
         </contents>
      </logical_group>
      <logical_group id="lg-f" display="no" color="cyan">
         <name>.infoA</name>
         <run_address>0x0</run_address>
         <size>0x0</size>
         <contents>
         </contents>
      </logical_group>
      <logical_group id="lg-10" display="no" color="cyan">
         <name>.infoB</name>
         <run_address>0x0</run_address>
         <size>0x0</size>
[...]
         <object_component_ref idref="oc-49"/>
      </symbol>
      <symbol id="sm-ee">
         <name>rxbuff</name>
         <value>0x234</value>
         <object_component_ref idref="oc-49"/>
      </symbol>
      <symbol id="sm-162">
         <name>junk_count</name>
         <value>0x2d4</value>
         <object_component_ref idref="oc-50"/>
      </symbol>
      <symbol id="sm-163">
         <name>USCI0RX_ISR</name>
         <value>0xc000</value>
         <object_component_ref idref="oc-113"/>
      </symbol>
      <symbol id="sm-164">
         <name>USCI0TX_ISR</name>
         <value>0xc8d8</value>
         <object_component_ref idref="oc-112"/>
      </symbol>
      <symbol id="sm-165">
         <name>sendTLC_array</name>
         <value>0xd16a</value>
         <object_component_ref idref="oc-120"/>
      </symbol>
      <symbol id="sm-166">
         <name>happy</name>
         <value>0xca18</value>
         <object_component_ref idref="oc-12d"/>
      </symbol>
      <symbol id="sm-167">
         <name>__TI_int09</name>
         <value>0xfff2</value>
         <object_component_ref idref="oc-38"/>
      </symbol>
      <symbol id="sm-168">
         <name>__TI_int06</name>
         <value>0xffec</value>
         <object_component_ref idref="oc-35"/>
      </symbol>
      <symbol id="sm-169">
         <name>__TI_int07</name>
         <value>0xffee</value>
         <object_component_ref idref="oc-36"/>
      </symbol>
      <symbol id="sm-16a">
         <name>__TI_int03</name>
         <value>0xffe6</value>
         <object_component_ref idref="oc-33"/>
      </symbol>
      <symbol id="sm-16b">
         <name>__TI_int12</name>
         <value>0xfff8</value>
         <object_component_ref idref="oc-3b"/>
      </symbol>
      <symbol id="sm-16c">
         <name>timecnt</name>
         <value>0x28e</value>
         <object_component_ref idref="oc-50"/>
      </symbol>
      <symbol id="sm-16d">
         <name>updateTLC_array</name>
         <value>0xcb4e</value>
         <object_component_ref idref="oc-12e"/>
      </symbol>
      <symbol id="sm-16e">
         <name>suprised</name>
         <value>0xce22</value>
         <object_component_ref idref="oc-12c"/>
      </symbol>
      <symbol id="sm-16f">
         <name>Port_2</name>
         <value>0xce6a</value>
         <object_component_ref idref="oc-111"/>
      </symbol>
      <symbol id="sm-170">
         <name>connection_ID</name>
         <value>0x2d3</value>
         <object_component_ref idref="oc-50"/>
      </symbol>
      <symbol id="sm-171">
         <name>started</name>
         <value>0x28a</value>
         <object_component_ref idref="oc-50"/>
      </symbol>
      <symbol id="sm-172">
         <name>recchar</name>
         <value>0x2ce</value>
         <object_component_ref idref="oc-50"/>
      </symbol>
      <symbol id="sm-173">
         <name>receive_length</name>
         <value>0x2d2</value>
         <object_component_ref idref="oc-50"/>
      </symbol>
      <symbol id="sm-174">
         <name>newprint</name>
         <value>0x28c</value>
         <object_component_ref idref="oc-50"/>
      </symbol>
      <symbol id="sm-175">
         <name>spi_sout_buff</name>
         <value>0x2b6</value>
         <object_component_ref idref="oc-50"/>
      </symbol>
      <symbol id="sm-176">
         <name>msgindex</name>
         <value>0x288</value>
         <object_component_ref idref="oc-50"/>
      </symbol>
      <symbol id="sm-177">
         <name>main</name>
         <value>0xc1f6</value>
         <object_component_ref idref="oc-11b"/>
      </symbol>
      <symbol id="sm-178">
         <name>rx_expression</name>
         <value>0x2d6</value>
         <object_component_ref idref="oc-50"/>
      </symbol>
      <symbol id="sm-179">
         <name>spi_index</name>
         <value>0x2b4</value>
         <object_component_ref idref="oc-50"/>
      </symbol>
      <symbol id="sm-17a">
         <name>newmsg</name>
         <value>0x28b</value>
         <object_component_ref idref="oc-50"/>
      </symbol>
      <symbol id="sm-17b">
         <name>neutral</name>
         <value>0xd044</value>
         <object_component_ref idref="oc-12b"/>
      </symbol>
      <symbol id="sm-17c">
         <name>motors</name>
         <value>0x292</value>
         <object_component_ref idref="oc-50"/>
      </symbol>
      <symbol id="sm-17d">
         <name>txindex</name>
         <value>0x289</value>
         <object_component_ref idref="oc-50"/>
      </symbol>
      <symbol id="sm-17e">
         <name>debug_count</name>
         <value>0x2b2</value>
         <object_component_ref idref="oc-50"/>
      </symbol>
      <symbol id="sm-17f">
         <name>recchar2</name>
         <value>0x2d0</value>
         <object_component_ref idref="oc-50"/>
      </symbol>
      <symbol id="sm-180">
         <name>Timer_1</name>
         <value>0xd022</value>
         <object_component_ref idref="oc-115"/>
      </symbol>
      <symbol id="sm-181">
         <name>Timer_A</name>
         <value>0xcaec</value>
         <object_component_ref idref="oc-114"/>
      </symbol>
      <symbol id="sm-182">
         <name>error_flag</name>
         <value>0x2d5</value>
         <object_component_ref idref="oc-50"/>
      </symbol>
      <symbol id="sm-183">
         <name>expression_response_count</name>
         <value>0x2d8</value>
         <object_component_ref idref="oc-50"/>
      </symbol>
      <symbol id="sm-184">
         <name>rx_started</name>
         <value>0x2d1</value>
         <object_component_ref idref="oc-50"/>
      </symbol>
      <symbol id="sm-190">
         <name>I_ASR</name>
         <value>0xcf9e</value>
         <object_component_ref idref="oc-58"/>
      </symbol>
      <symbol id="sm-191">
         <name>I_ASR_12</name>
         <value>0xcfb0</value>
         <object_component_ref idref="oc-58"/>
      </symbol>
      <symbol id="sm-192">
         <name>I_ASR_13</name>
         <value>0xcfae</value>
         <object_component_ref idref="oc-58"/>
      </symbol>
      <symbol id="sm-193">
         <name>I_ASR_10</name>
         <value>0xcfb4</value>
         <object_component_ref idref="oc-58"/>
      </symbol>
      <symbol id="sm-194">
         <name>I_ASR_11</name>
         <value>0xcfb2</value>
         <object_component_ref idref="oc-58"/>
      </symbol>
      <symbol id="sm-195">
         <name>I_ASR_14</name>
         <value>0xcfac</value>
         <object_component_ref idref="oc-58"/>
      </symbol>
      <symbol id="sm-196">
         <name>I_ASR_15</name>
         <value>0xcfaa</value>
         <object_component_ref idref="oc-58"/>
      </symbol>
      <symbol id="sm-197">
         <name>I_ASR_3</name>
         <value>0xcfc2</value>
         <object_component_ref idref="oc-58"/>
      </symbol>
      <symbol id="sm-198">
         <name>I_ASR_2</name>
         <value>0xcfc4</value>
         <object_component_ref idref="oc-58"/>
      </symbol>
      <symbol id="sm-199">
         <name>I_ASR_1</name>
         <value>0xcfc6</value>
         <object_component_ref idref="oc-58"/>
      </symbol>
      <symbol id="sm-19a">
         <name>I_ASR_7</name>
         <value>0xcfba</value>
         <object_component_ref idref="oc-58"/>
      </symbol>
      <symbol id="sm-19b">
         <name>I_ASR_6</name>
         <value>0xcfbc</value>
         <object_component_ref idref="oc-58"/>
      </symbol>
      <symbol id="sm-19c">
         <name>I_ASR_5</name>
         <value>0xcfbe</value>
         <object_component_ref idref="oc-58"/>
      </symbol>
      <symbol id="sm-19d">
         <name>I_ASR_4</name>
         <value>0xcfc0</value>
         <object_component_ref idref="oc-58"/>
      </symbol>
      <symbol id="sm-19e">
         <name>I_ASR_9</name>
         <value>0xcfb6</value>
         <object_component_ref idref="oc-58"/>
      </symbol>
      <symbol id="sm-19f">
         <name>I_ASR_8</name>
         <value>0xcfb8</value>
         <object_component_ref idref="oc-58"/>
      </symbol>
      <symbol id="sm-1b2">
         <name>atoi</name>
         <value>0xcc5c</value>
         <object_component_ref idref="oc-11f"/>
      </symbol>
      <symbol id="sm-1c1">
         <name>_stack</name>
         <value>0x3b0</value>
         <object_component_ref idref="oc-63"/>
      </symbol>
      <symbol id="sm-1c2">
         <name>_reset_vector</name>
         <value>0xfffe</value>
         <object_component_ref idref="oc-64"/>
      </symbol>
      <symbol id="sm-1d0">
         <name>_c_int00_noargs_noexit</name>
         <value>0xd07c</value>
         <object_component_ref idref="oc-43"/>
      </symbol>
      <symbol id="sm-1f3">
         <name>_ctypes_</name>
         <value>0xd194</value>
         <object_component_ref idref="oc-130"/>
      </symbol>
      <symbol id="sm-203">
         <name>__remi</name>
         <value>0xcfca</value>
         <object_component_ref idref="oc-7f"/>
      </symbol>
      <symbol id="sm-204">
         <name>__divi</name>
         <value>0xcfca</value>
         <object_component_ref idref="oc-7f"/>
      </symbol>
      <symbol id="sm-212">
         <name>__remu</name>
         <value>0xd0e2</value>
         <object_component_ref idref="oc-84"/>
      </symbol>
      <symbol id="sm-213">
         <name>__divu</name>
         <value>0xd0e2</value>
         <object_component_ref idref="oc-84"/>
      </symbol>
      <symbol id="sm-226">
         <name>__divul</name>
         <value>0xcbae</value>
         <object_component_ref idref="oc-89"/>
      </symbol>
      <symbol id="sm-227">
         <name>__remul</name>
         <value>0xcbae</value>
         <object_component_ref idref="oc-89"/>
      </symbol>
      <symbol id="sm-234">
         <name>func_epilog_1</name>
         <value>0xd166</value>
         <object_component_ref idref="oc-11d"/>
      </symbol>
      <symbol id="sm-235">
         <name>func_epilog_2</name>
         <value>0xd164</value>
         <object_component_ref idref="oc-11d"/>
      </symbol>
      <symbol id="sm-236">
         <name>func_epilog_3</name>
         <value>0xd162</value>
         <object_component_ref idref="oc-11d"/>
      </symbol>
      <symbol id="sm-237">
         <name>func_epilog_4</name>
         <value>0xd160</value>
         <object_component_ref idref="oc-11d"/>
      </symbol>
      <symbol id="sm-238">
         <name>func_epilog_5</name>
         <value>0xd15e</value>
         <object_component_ref idref="oc-11d"/>
      </symbol>
      <symbol id="sm-239">
         <name>func_epilog_6</name>
         <value>0xd15c</value>
         <object_component_ref idref="oc-11d"/>
      </symbol>
      <symbol id="sm-23a">
         <name>func_epilog_7</name>
         <value>0xd15a</value>
         <object_component_ref idref="oc-11d"/>
      </symbol>
      <symbol id="sm-248">
         <name>C$$EXIT</name>
         <value>0xd190</value>
         <object_component_ref idref="oc-11c"/>
      </symbol>
      <symbol id="sm-249">
         <name>abort</name>
         <value>0xd190</value>
         <object_component_ref idref="oc-11c"/>
      </symbol>
      <symbol id="sm-277">
         <name>__fs_add</name>
         <value>0xc3ec</value>
         <object_component_ref idref="oc-99"/>
      </symbol>
      <symbol id="sm-278">
         <name>__fs_sub</name>
         <value>0xc3e6</value>
         <object_component_ref idref="oc-99"/>
      </symbol>
      <symbol id="sm-291">
         <name>__fs_cmp</name>
         <value>0xcd48</value>
         <object_component_ref idref="oc-9e"/>
      </symbol>
      <symbol id="sm-2b5">
         <name>__fs_div</name>
         <value>0xc97e</value>
         <object_component_ref idref="oc-a3"/>
      </symbol>
      <symbol id="sm-2cc">
         <name>__fs_itof</name>
         <value>0xcea6</value>
         <object_component_ref idref="oc-a8"/>
      </symbol>
      <symbol id="sm-2f6">
         <name>__fs_mpy</name>
         <value>0xc816</value>
         <object_component_ref idref="oc-ad"/>
      </symbol>
      <symbol id="sm-312">
         <name>__fs_toi</name>
         <value>0xca84</value>
         <object_component_ref idref="oc-b2"/>
      </symbol>
      <symbol id="sm-327">
         <name>__fs_ultof</name>
         <value>0xcf10</value>
         <object_component_ref idref="oc-b7"/>
      </symbol>
      <symbol id="sm-32b">
         <name>__TI_int02</name>
         <value>0xffe4</value>
         <object_component_ref idref="oc-32"/>
      </symbol>
      <symbol id="sm-32f">
         <name>__TI_int05</name>
         <value>0xffea</value>
         <object_component_ref idref="oc-34"/>
      </symbol>
      <symbol id="sm-333">
         <name>__TI_int08</name>
         <value>0xfff0</value>
         <object_component_ref idref="oc-37"/>
      </symbol>
      <symbol id="sm-337">
         <name>__TI_int10</name>
         <value>0xfff4</value>
         <object_component_ref idref="oc-39"/>
      </symbol>
      <symbol id="sm-33b">
         <name>__TI_int11</name>
         <value>0xfff6</value>
         <object_component_ref idref="oc-3a"/>
      </symbol>
      <symbol id="sm-33f">
         <name>__TI_int13</name>
         <value>0xfffa</value>
         <object_component_ref idref="oc-3c"/>
      </symbol>
      <symbol id="sm-343">
         <name>__TI_int14</name>
         <value>0xfffc</value>
         <object_component_ref idref="oc-3d"/>
      </symbol>
      <symbol id="sm-34f">
         <name>__TI_ISR_TRAP</name>
         <value>0xd186</value>
         <object_component_ref idref="oc-bc"/>
      </symbol>
      <symbol id="sm-35b">
         <name>I_LSL</name>
         <value>0xcff6</value>
         <object_component_ref idref="oc-c1"/>
      </symbol>
      <symbol id="sm-35c">
         <name>I_LSL_3</name>
         <value>0xd01a</value>
         <object_component_ref idref="oc-c1"/>
      </symbol>
      <symbol id="sm-35d">
         <name>I_LSL_2</name>
         <value>0xd01c</value>
         <object_component_ref idref="oc-c1"/>
      </symbol>
      <symbol id="sm-35e">
         <name>I_LSL_1</name>
         <value>0xd01e</value>
         <object_component_ref idref="oc-c1"/>
      </symbol>
      <symbol id="sm-35f">
         <name>I_LSL_7</name>
         <value>0xd012</value>
         <object_component_ref idref="oc-c1"/>
      </symbol>
      <symbol id="sm-360">
         <name>I_LSL_6</name>
         <value>0xd014</value>
         <object_component_ref idref="oc-c1"/>
      </symbol>
      <symbol id="sm-361">
         <name>I_LSL_5</name>
         <value>0xd016</value>
         <object_component_ref idref="oc-c1"/>
      </symbol>
      <symbol id="sm-362">
         <name>I_LSL_4</name>
         <value>0xd018</value>
         <object_component_ref idref="oc-c1"/>
      </symbol>
      <symbol id="sm-363">
         <name>I_LSL_9</name>
         <value>0xd00e</value>
         <object_component_ref idref="oc-c1"/>
      </symbol>
      <symbol id="sm-364">
         <name>I_LSL_8</name>
         <value>0xd010</value>
         <object_component_ref idref="oc-c1"/>
      </symbol>
      <symbol id="sm-365">
         <name>I_LSL_12</name>
         <value>0xd008</value>
         <object_component_ref idref="oc-c1"/>
      </symbol>
      <symbol id="sm-366">
         <name>I_LSL_13</name>
         <value>0xd006</value>
         <object_component_ref idref="oc-c1"/>
      </symbol>
      <symbol id="sm-367">
         <name>I_LSL_10</name>
         <value>0xd00c</value>
         <object_component_ref idref="oc-c1"/>
      </symbol>
      <symbol id="sm-368">
         <name>I_LSL_11</name>
         <value>0xd00a</value>
         <object_component_ref idref="oc-c1"/>
      </symbol>
      <symbol id="sm-369">
         <name>I_LSL_14</name>
         <value>0xd004</value>
         <object_component_ref idref="oc-c1"/>
      </symbol>
      <symbol id="sm-36a">
         <name>I_LSL_15</name>
         <value>0xd002</value>
         <object_component_ref idref="oc-c1"/>
      </symbol>
      <symbol id="sm-37f">
         <name>I_LSR</name>
         <value>0xccfc</value>
         <object_component_ref idref="oc-ca"/>
      </symbol>
      <symbol id="sm-380">
         <name>I_LSR_12</name>
         <value>0xcd16</value>
         <object_component_ref idref="oc-ca"/>
      </symbol>
      <symbol id="sm-381">
         <name>I_LSR_13</name>
         <value>0xcd12</value>
         <object_component_ref idref="oc-ca"/>
      </symbol>
      <symbol id="sm-382">
         <name>I_LSR_10</name>
         <value>0xcd1e</value>
         <object_component_ref idref="oc-ca"/>
      </symbol>
      <symbol id="sm-383">
         <name>I_LSR_11</name>
         <value>0xcd1a</value>
         <object_component_ref idref="oc-ca"/>
      </symbol>
      <symbol id="sm-384">
         <name>I_LSR_14</name>
         <value>0xcd0e</value>
         <object_component_ref idref="oc-ca"/>
      </symbol>
      <symbol id="sm-385">
         <name>I_LSR_15</name>
         <value>0xcd0a</value>
         <object_component_ref idref="oc-ca"/>
      </symbol>
      <symbol id="sm-386">
         <name>I_LSR_3</name>
         <value>0xcd3a</value>
         <object_component_ref idref="oc-ca"/>
      </symbol>
      <symbol id="sm-387">
         <name>I_LSR_2</name>
         <value>0xcd3e</value>
         <object_component_ref idref="oc-ca"/>
      </symbol>
      <symbol id="sm-388">
         <name>I_LSR_1</name>
         <value>0xcd42</value>
         <object_component_ref idref="oc-ca"/>
      </symbol>
      <symbol id="sm-389">
         <name>I_LSR_7</name>
         <value>0xcd2a</value>
         <object_component_ref idref="oc-ca"/>
      </symbol>
      <symbol id="sm-38a">
         <name>I_LSR_6</name>
         <value>0xcd2e</value>
         <object_component_ref idref="oc-ca"/>
      </symbol>
      <symbol id="sm-38b">
         <name>I_LSR_5</name>
         <value>0xcd32</value>
         <object_component_ref idref="oc-ca"/>
      </symbol>
      <symbol id="sm-38c">
         <name>I_LSR_4</name>
         <value>0xcd36</value>
         <object_component_ref idref="oc-ca"/>
      </symbol>
      <symbol id="sm-38d">
         <name>I_LSR_9</name>
         <value>0xcd22</value>
         <object_component_ref idref="oc-ca"/>
      </symbol>
      <symbol id="sm-38e">
         <name>I_LSR_8</name>
         <value>0xcd26</value>
         <object_component_ref idref="oc-ca"/>
      </symbol>
      <symbol id="sm-3a5">
         <name>memcpy</name>
         <value>0xd148</value>
         <object_component_ref idref="oc-10f"/>
      </symbol>
      <symbol id="sm-3bc">
         <name>__mpyi_sw</name>
         <value>0xd122</value>
         <object_component_ref idref="oc-12f"/>
      </symbol>
      <symbol id="sm-3bd">
         <name>__mpyi</name>
         <value>0xd122</value>
         <object_component_ref idref="oc-12f"/>
      </symbol>
      <symbol id="sm-3c9">
         <name>_system_pre_init</name>
         <value>0xd18c</value>
         <object_component_ref idref="oc-116"/>
      </symbol>
      <symbol id="sm-3db">
         <name>vsprintf</name>
         <value>0xcedc</value>
         <object_component_ref idref="oc-132"/>
      </symbol>
      <symbol id="sm-424">
         <name>__TI_printfi_minimal</name>
         <value>0xc74c</value>
         <object_component_ref idref="oc-136"/>
      </symbol>
      <symbol id="sm-441">
         <name>_auto_init</name>
         <value>0xcd92</value>
         <object_component_ref idref="oc-117"/>
      </symbol>
      <symbol id="sm-450">
         <name>memccpy</name>
         <value>0xd0b0</value>
         <object_component_ref idref="oc-13c"/>
      </symbol>
      <symbol id="sm-45e">
         <name>memset</name>
         <value>0xd10e</value>
         <object_component_ref idref="oc-13a"/>
      </symbol>
      <symbol id="sm-46b">
         <name>strlen</name>
         <value>0xd178</value>
         <object_component_ref idref="oc-137"/>
      </symbol>
   </symbol_table>
   <title>Link successful</title>
</link_info>
